	.module xcc_output


	.area _CODE

	.globl _main
_main:
	; sdcccall(1) prologue: main (locals=4, stack_params=0)
	push	ix
	ld	ix, #0
	add	ix, sp
	ld	hl, #-4
	add	hl, sp
	ld	sp, hl
	ld	hl, #10
	ld	-2(ix), l
	ld	-1(ix), h
	ld	hl, #3
	ld	-4(ix), l
	ld	-3(ix), h
	ld	l, -2(ix)
	ld	h, -1(ix)
	ld	e, -4(ix)
	ld	d, -3(ix)
	or	a, a
	sbc	hl, de
	dec	sp
	dec	sp
	ld	-6(ix), l
	ld	-5(ix), h
	ld	l, -6(ix)
	ld	h, -5(ix)
	ex	de, hl
	jp	__main_end
__main_end:
	; epilogue: main
	ld	sp, ix
	pop	ix
	ret
