	.module xcc_output


	.area _CODE

	.globl _main
_main:
	; sdcccall(1) prologue: main (locals=5, temp_frame=10, stack_params=0)
	push	ix
	ld	ix, #0
	add	ix, sp
	ld	hl, #-15
	add	hl, sp
	ld	sp, hl
	ld	hl, #1000
	ld	-2(ix), l
	ld	-1(ix), h
	ld	l, -2(ix)
	ld	h, -1(ix)
	ld	a, l
	ld	-7(ix), a
	ld	a, -7(ix)
	ld	-3(ix), a
	ld	a, -3(ix)
	ld	l, a
	rlca
	sbc	a, a
	ld	h, a
	ld	-9(ix), l
	ld	-8(ix), h
	ld	l, -9(ix)
	ld	h, -8(ix)
	ld	-5(ix), l
	ld	-4(ix), h
	ld	hl, #24
	ld	a, l
	cpl
	ld	l, a
	ld	a, h
	cpl
	ld	h, a
	inc	hl
	ld	-11(ix), l
	ld	-10(ix), h
	ld	l, -5(ix)
	ld	h, -4(ix)
	push	hl
	ld	l, -11(ix)
	ld	h, -10(ix)
	pop	de
	or	a, a
	sbc	hl, de
	ld	hl, #1
	jp	z, __cmp_e_89383
	dec	hl
__cmp_e_89383:
	ld	-13(ix), l
	ld	-12(ix), h
	ld	l, -13(ix)
	ld	h, -12(ix)
	ld	-15(ix), l
	ld	-14(ix), h
	ld	l, -15(ix)
	ld	h, -14(ix)
	ex	de, hl
	jp	__main_end
__main_end:
	; epilogue: main
	ld	sp, ix
	pop	ix
	ret
