	.module xcc_output


	.area _CODE

	.globl _main
_main:
	; sdcccall(1) prologue: main (locals=6, stack_params=0)
	push	ix
	ld	ix, #0
	add	ix, sp
	ld	hl, #-6
	add	hl, sp
	ld	sp, hl
	ld	hl, #1
	ld	-2(ix), l
	ld	-1(ix), h
	ld	l, -2(ix)
	ld	h, -1(ix)
	push	hl
	ld	hl, #3
	ld	b, l
	pop	hl
__shift_9383:
	ld	a, b
	or	a, a
	jp	z, __sdone_886
	add	hl, hl
	djnz	__shift_9383
__sdone_886:
	dec	sp
	dec	sp
	ld	-8(ix), l
	ld	-7(ix), h
	ld	l, -8(ix)
	ld	h, -7(ix)
	ld	-4(ix), l
	ld	-3(ix), h
	ld	l, -4(ix)
	ld	h, -3(ix)
	sra	h
	rr	l
	dec	sp
	dec	sp
	ld	-10(ix), l
	ld	-9(ix), h
	ld	l, -10(ix)
	ld	h, -9(ix)
	ld	-6(ix), l
	ld	-5(ix), h
	ld	l, -4(ix)
	ld	h, -3(ix)
	push	hl
	ld	hl, #8
	pop	de
	or	a, a
	sbc	hl, de
	jp	z, __cmp_t_92777
	ld	hl, #0
	jp	__cmp_e_36915
__cmp_t_92777:
	ld	hl, #1
__cmp_e_36915:
	dec	sp
	dec	sp
	ld	-12(ix), l
	ld	-11(ix), h
	ld	l, -12(ix)
	ld	h, -11(ix)
	push	hl
	ld	hl, #0
	pop	de
	or	a, a
	sbc	hl, de
	jp	nz, __cmp_t_47793
	ld	hl, #0
	jp	__cmp_e_38335
__cmp_t_47793:
	ld	hl, #1
__cmp_e_38335:
	dec	sp
	dec	sp
	ld	-14(ix), l
	ld	-13(ix), h
	ld	l, -14(ix)
	ld	h, -13(ix)
	ld	a, h
	or	a, l
	jp	nz, __xcc_L1
	jp	__xcc_L0
__xcc_L1:
	ld	l, -6(ix)
	ld	h, -5(ix)
	push	hl
	ld	hl, #4
	pop	de
	or	a, a
	sbc	hl, de
	jp	z, __cmp_t_85386
	ld	hl, #0
	jp	__cmp_e_60492
__cmp_t_85386:
	ld	hl, #1
__cmp_e_60492:
	dec	sp
	dec	sp
	ld	-16(ix), l
	ld	-15(ix), h
	ld	l, -16(ix)
	ld	h, -15(ix)
	push	hl
	ld	hl, #0
	pop	de
	or	a, a
	sbc	hl, de
	jp	nz, __cmp_t_16649
	ld	hl, #0
	jp	__cmp_e_41421
__cmp_t_16649:
	ld	hl, #1
__cmp_e_41421:
	dec	sp
	dec	sp
	ld	-18(ix), l
	ld	-17(ix), h
	jp	__xcc_L2
__xcc_L0:
	ld	hl, #0
	ld	-18(ix), l
	ld	-17(ix), h
__xcc_L2:
	ld	l, -18(ix)
	ld	h, -17(ix)
	ex	de, hl
	jp	__main_end
__main_end:
	; epilogue: main
	ld	sp, ix
	pop	ix
	ret
