	.module xcc_output

	.area _CONST
__str_6:
	.db 116, 101, 115, 116, 95, 102, 117, 110, 99, 95, 110, 97, 109, 101, 0
__str_22:
	.dw 104
	.dw 101
	.dw 108
	.dw 108
	.dw 111
	.dw 0


	.area _CODE

	.globl _test_alignof
_test_alignof:
	; sdcccall(1) prologue: test_alignof (locals=4, temp_frame=12, stack_params=0)
	push	ix
	ld	ix, #0
	add	ix, sp
	ld	hl, #-16
	add	hl, sp
	ld	sp, hl
	ld	hl, #2
	ld	-2(ix), l
	ld	-1(ix), h
	ld	hl, #1
	ld	-4(ix), l
	ld	-3(ix), h
	ld	l, -2(ix)
	ld	h, -1(ix)
	push	hl
	ld	hl, #2
	pop	de
	or	a, a
	sbc	hl, de
	ld	hl, #1
	jp	z, __cmp_e_89383
	dec	hl
__cmp_e_89383:
	ld	-6(ix), l
	ld	-5(ix), h
	ld	l, -6(ix)
	ld	h, -5(ix)
	push	hl
	ld	hl, #0
	pop	de
	or	a, a
	sbc	hl, de
	ld	hl, #1
	jp	nz, __cmp_e_30886
	dec	hl
__cmp_e_30886:
	ld	-8(ix), l
	ld	-7(ix), h
	ld	l, -8(ix)
	ld	h, -7(ix)
	ld	a, h
	or	a, l
	jp	nz, __xcc_L4
	jp	__xcc_L3
__xcc_L4:
	ld	l, -4(ix)
	ld	h, -3(ix)
	push	hl
	ld	hl, #1
	pop	de
	or	a, a
	sbc	hl, de
	ld	hl, #1
	jp	z, __cmp_e_92777
	dec	hl
__cmp_e_92777:
	ld	-10(ix), l
	ld	-9(ix), h
	ld	l, -10(ix)
	ld	h, -9(ix)
	push	hl
	ld	hl, #0
	pop	de
	or	a, a
	sbc	hl, de
	ld	hl, #1
	jp	nz, __cmp_e_36915
	dec	hl
__cmp_e_36915:
	ld	-12(ix), l
	ld	-11(ix), h
	jp	__xcc_L5
__xcc_L3:
	ld	hl, #0
	ld	-12(ix), l
	ld	-11(ix), h
__xcc_L5:
	ld	l, -12(ix)
	ld	h, -11(ix)
	ld	a, h
	or	a, l
	jp	nz, __xcc_L0
	jp	__xcc_L1
__xcc_L0:
	ld	hl, #1
	ld	-14(ix), l
	ld	-13(ix), h
	jp	__xcc_L2
__xcc_L1:
	ld	hl, #0
	ld	-14(ix), l
	ld	-13(ix), h
__xcc_L2:
	ld	l, -14(ix)
	ld	h, -13(ix)
	ld	-16(ix), l
	ld	-15(ix), h
	ld	l, -16(ix)
	ld	h, -15(ix)
	ex	de, hl
	jp	__test_alignof_end
__test_alignof_end:
	; epilogue: test_alignof
	ld	sp, ix
	pop	ix
	ret
	.globl _test_func_name
_test_func_name:
	; sdcccall(1) prologue: test_func_name (locals=2, temp_frame=8, stack_params=0)
	push	ix
	ld	ix, #0
	add	ix, sp
	ld	hl, #-10
	add	hl, sp
	ld	sp, hl
	ld	hl, #__str_6
	ld	-4(ix), l
	ld	-3(ix), h
	ld	l, -4(ix)
	ld	h, -3(ix)
	ld	-2(ix), l
	ld	-1(ix), h
	ld	l, -2(ix)
	ld	h, -1(ix)
	push	hl
	ld	hl, #0
	pop	de
	or	a, a
	sbc	hl, de
	ld	hl, #1
	jp	nz, __cmp_e_47793
	dec	hl
__cmp_e_47793:
	ld	-6(ix), l
	ld	-5(ix), h
	ld	l, -6(ix)
	ld	h, -5(ix)
	ld	a, h
	or	a, l
	jp	nz, __xcc_L7
	jp	__xcc_L8
__xcc_L7:
	ld	hl, #1
	ld	-8(ix), l
	ld	-7(ix), h
	jp	__xcc_L9
__xcc_L8:
	ld	hl, #0
	ld	-8(ix), l
	ld	-7(ix), h
__xcc_L9:
	ld	l, -8(ix)
	ld	h, -7(ix)
	ld	-10(ix), l
	ld	-9(ix), h
	ld	l, -10(ix)
	ld	h, -9(ix)
	ex	de, hl
	jp	__test_func_name_end
__test_func_name_end:
	; epilogue: test_func_name
	ld	sp, ix
	pop	ix
	ret
	.globl _test_array_init
_test_array_init:
	; sdcccall(1) prologue: test_array_init (locals=8, temp_frame=64, stack_params=0)
	push	ix
	ld	ix, #0
	add	ix, sp
	ld	hl, #-72
	add	hl, sp
	ld	sp, hl
	push	ix
	pop	hl
	ld	bc, #-8
	add	hl, bc
	ld	-10(ix), l
	ld	-9(ix), h
	ld	l, -10(ix)
	ld	h, -9(ix)
	ld	de, #10
	ld	(hl), e
	inc	hl
	ld	(hl), d
	ld	l, -10(ix)
	ld	h, -9(ix)
	ld	de, #2
	add	hl, de
	ld	-12(ix), l
	ld	-11(ix), h
	ld	l, -12(ix)
	ld	h, -11(ix)
	ld	de, #20
	ld	(hl), e
	inc	hl
	ld	(hl), d
	ld	l, -10(ix)
	ld	h, -9(ix)
	ld	de, #4
	add	hl, de
	ld	-14(ix), l
	ld	-13(ix), h
	ld	l, -14(ix)
	ld	h, -13(ix)
	ld	de, #30
	ld	(hl), e
	inc	hl
	ld	(hl), d
	ld	l, -10(ix)
	ld	h, -9(ix)
	ld	de, #6
	add	hl, de
	ld	-16(ix), l
	ld	-15(ix), h
	ld	l, -16(ix)
	ld	h, -15(ix)
	ld	de, #40
	ld	(hl), e
	inc	hl
	ld	(hl), d
	push	ix
	pop	hl
	ld	bc, #-8
	add	hl, bc
	ld	-18(ix), l
	ld	-17(ix), h
	.globl __mul16
	ld	hl, #0
	push	hl
	ld	hl, #2
	pop	de
	call	__mul16
	ex	de, hl
	ld	-20(ix), l
	ld	-19(ix), h
	ld	l, -18(ix)
	ld	h, -17(ix)
	push	hl
	ld	e, -20(ix)
	ld	d, -19(ix)
	pop	hl
	add	hl, de
	ld	-22(ix), l
	ld	-21(ix), h
	ld	l, -22(ix)
	ld	h, -21(ix)
	ld	e, (hl)
	inc	hl
	ld	d, (hl)
	ld	-24(ix), e
	ld	-23(ix), d
	ld	l, -24(ix)
	ld	h, -23(ix)
	push	hl
	ld	hl, #10
	pop	de
	or	a, a
	sbc	hl, de
	ld	hl, #1
	jp	z, __cmp_e_38335
	dec	hl
__cmp_e_38335:
	ld	-26(ix), l
	ld	-25(ix), h
	ld	l, -26(ix)
	ld	h, -25(ix)
	push	hl
	ld	hl, #0
	pop	de
	or	a, a
	sbc	hl, de
	ld	hl, #1
	jp	nz, __cmp_e_85386
	dec	hl
__cmp_e_85386:
	ld	-28(ix), l
	ld	-27(ix), h
	ld	l, -28(ix)
	ld	h, -27(ix)
	ld	a, h
	or	a, l
	jp	nz, __xcc_L18
	jp	__xcc_L17
__xcc_L18:
	push	ix
	pop	hl
	ld	bc, #-8
	add	hl, bc
	ld	-30(ix), l
	ld	-29(ix), h
	.globl __mul16
	ld	hl, #1
	push	hl
	ld	hl, #2
	pop	de
	call	__mul16
	ex	de, hl
	ld	-32(ix), l
	ld	-31(ix), h
	ld	l, -30(ix)
	ld	h, -29(ix)
	push	hl
	ld	e, -32(ix)
	ld	d, -31(ix)
	pop	hl
	add	hl, de
	ld	-34(ix), l
	ld	-33(ix), h
	ld	l, -34(ix)
	ld	h, -33(ix)
	ld	e, (hl)
	inc	hl
	ld	d, (hl)
	ld	-36(ix), e
	ld	-35(ix), d
	ld	l, -36(ix)
	ld	h, -35(ix)
	push	hl
	ld	hl, #20
	pop	de
	or	a, a
	sbc	hl, de
	ld	hl, #1
	jp	z, __cmp_e_60492
	dec	hl
__cmp_e_60492:
	ld	-38(ix), l
	ld	-37(ix), h
	ld	l, -38(ix)
	ld	h, -37(ix)
	push	hl
	ld	hl, #0
	pop	de
	or	a, a
	sbc	hl, de
	ld	hl, #1
	jp	nz, __cmp_e_16649
	dec	hl
__cmp_e_16649:
	ld	-40(ix), l
	ld	-39(ix), h
	jp	__xcc_L19
__xcc_L17:
	ld	hl, #0
	ld	-40(ix), l
	ld	-39(ix), h
__xcc_L19:
	ld	l, -40(ix)
	ld	h, -39(ix)
	push	hl
	ld	hl, #0
	pop	de
	or	a, a
	sbc	hl, de
	ld	hl, #1
	jp	nz, __cmp_e_41421
	dec	hl
__cmp_e_41421:
	ld	-42(ix), l
	ld	-41(ix), h
	ld	l, -42(ix)
	ld	h, -41(ix)
	ld	a, h
	or	a, l
	jp	nz, __xcc_L16
	jp	__xcc_L15
__xcc_L16:
	push	ix
	pop	hl
	ld	bc, #-8
	add	hl, bc
	ld	-44(ix), l
	ld	-43(ix), h
	.globl __mul16
	ld	hl, #2
	push	hl
	ld	hl, #2
	pop	de
	call	__mul16
	ex	de, hl
	ld	-46(ix), l
	ld	-45(ix), h
	ld	l, -44(ix)
	ld	h, -43(ix)
	push	hl
	ld	e, -46(ix)
	ld	d, -45(ix)
	pop	hl
	add	hl, de
	ld	-48(ix), l
	ld	-47(ix), h
	ld	l, -48(ix)
	ld	h, -47(ix)
	ld	e, (hl)
	inc	hl
	ld	d, (hl)
	ld	-50(ix), e
	ld	-49(ix), d
	ld	l, -50(ix)
	ld	h, -49(ix)
	push	hl
	ld	hl, #30
	pop	de
	or	a, a
	sbc	hl, de
	ld	hl, #1
	jp	z, __cmp_e_2362
	dec	hl
__cmp_e_2362:
	ld	-52(ix), l
	ld	-51(ix), h
	ld	l, -52(ix)
	ld	h, -51(ix)
	push	hl
	ld	hl, #0
	pop	de
	or	a, a
	sbc	hl, de
	ld	hl, #1
	jp	nz, __cmp_e_90027
	dec	hl
__cmp_e_90027:
	ld	-54(ix), l
	ld	-53(ix), h
	jp	__xcc_L20
__xcc_L15:
	ld	hl, #0
	ld	-54(ix), l
	ld	-53(ix), h
__xcc_L20:
	ld	l, -54(ix)
	ld	h, -53(ix)
	push	hl
	ld	hl, #0
	pop	de
	or	a, a
	sbc	hl, de
	ld	hl, #1
	jp	nz, __cmp_e_68690
	dec	hl
__cmp_e_68690:
	ld	-56(ix), l
	ld	-55(ix), h
	ld	l, -56(ix)
	ld	h, -55(ix)
	ld	a, h
	or	a, l
	jp	nz, __xcc_L14
	jp	__xcc_L13
__xcc_L14:
	push	ix
	pop	hl
	ld	bc, #-8
	add	hl, bc
	ld	-58(ix), l
	ld	-57(ix), h
	.globl __mul16
	ld	hl, #3
	push	hl
	ld	hl, #2
	pop	de
	call	__mul16
	ex	de, hl
	ld	-60(ix), l
	ld	-59(ix), h
	ld	l, -58(ix)
	ld	h, -57(ix)
	push	hl
	ld	e, -60(ix)
	ld	d, -59(ix)
	pop	hl
	add	hl, de
	ld	-62(ix), l
	ld	-61(ix), h
	ld	l, -62(ix)
	ld	h, -61(ix)
	ld	e, (hl)
	inc	hl
	ld	d, (hl)
	ld	-64(ix), e
	ld	-63(ix), d
	ld	l, -64(ix)
	ld	h, -63(ix)
	push	hl
	ld	hl, #40
	pop	de
	or	a, a
	sbc	hl, de
	ld	hl, #1
	jp	z, __cmp_e_20059
	dec	hl
__cmp_e_20059:
	ld	-66(ix), l
	ld	-65(ix), h
	ld	l, -66(ix)
	ld	h, -65(ix)
	push	hl
	ld	hl, #0
	pop	de
	or	a, a
	sbc	hl, de
	ld	hl, #1
	jp	nz, __cmp_e_97763
	dec	hl
__cmp_e_97763:
	ld	-68(ix), l
	ld	-67(ix), h
	jp	__xcc_L21
__xcc_L13:
	ld	hl, #0
	ld	-68(ix), l
	ld	-67(ix), h
__xcc_L21:
	ld	l, -68(ix)
	ld	h, -67(ix)
	ld	a, h
	or	a, l
	jp	nz, __xcc_L10
	jp	__xcc_L11
__xcc_L10:
	ld	hl, #1
	ld	-70(ix), l
	ld	-69(ix), h
	jp	__xcc_L12
__xcc_L11:
	ld	hl, #0
	ld	-70(ix), l
	ld	-69(ix), h
__xcc_L12:
	ld	l, -70(ix)
	ld	h, -69(ix)
	ld	-72(ix), l
	ld	-71(ix), h
	ld	l, -72(ix)
	ld	h, -71(ix)
	ex	de, hl
	jp	__test_array_init_end
__test_array_init_end:
	; epilogue: test_array_init
	ld	sp, ix
	pop	ix
	ret
	.globl _test_wide_string
_test_wide_string:
	; sdcccall(1) prologue: test_wide_string (locals=2, temp_frame=8, stack_params=0)
	push	ix
	ld	ix, #0
	add	ix, sp
	ld	hl, #-10
	add	hl, sp
	ld	sp, hl
	ld	hl, #__str_22
	ld	-4(ix), l
	ld	-3(ix), h
	ld	l, -4(ix)
	ld	h, -3(ix)
	ld	-2(ix), l
	ld	-1(ix), h
	ld	l, -2(ix)
	ld	h, -1(ix)
	push	hl
	ld	hl, #0
	pop	de
	or	a, a
	sbc	hl, de
	ld	hl, #1
	jp	nz, __cmp_e_13926
	dec	hl
__cmp_e_13926:
	ld	-6(ix), l
	ld	-5(ix), h
	ld	l, -6(ix)
	ld	h, -5(ix)
	ld	a, h
	or	a, l
	jp	nz, __xcc_L23
	jp	__xcc_L24
__xcc_L23:
	ld	hl, #1
	ld	-8(ix), l
	ld	-7(ix), h
	jp	__xcc_L25
__xcc_L24:
	ld	hl, #0
	ld	-8(ix), l
	ld	-7(ix), h
__xcc_L25:
	ld	l, -8(ix)
	ld	h, -7(ix)
	ld	-10(ix), l
	ld	-9(ix), h
	ld	l, -10(ix)
	ld	h, -9(ix)
	ex	de, hl
	jp	__test_wide_string_end
__test_wide_string_end:
	; epilogue: test_wide_string
	ld	sp, ix
	pop	ix
	ret
	.globl _main
_main:
	; sdcccall(1) prologue: main (locals=0, temp_frame=0, stack_params=0)
	push	ix
	ld	ix, #0
	add	ix, sp
	.globl _test_alignof
	call	_test_alignof
	push	de
	pop	hl
	dec	sp
	dec	sp
	ld	-2(ix), l
	ld	-1(ix), h
	ld	l, -2(ix)
	ld	h, -1(ix)
	push	hl
	ld	hl, #0
	pop	de
	or	a, a
	sbc	hl, de
	ld	hl, #1
	jp	z, __cmp_e_80540
	dec	hl
__cmp_e_80540:
	dec	sp
	dec	sp
	ld	-4(ix), l
	ld	-3(ix), h
	ld	l, -4(ix)
	ld	h, -3(ix)
	ld	a, h
	or	a, l
	jp	nz, __xcc_L26
	jp	__xcc_L28
__xcc_L26:
	ld	hl, #0
	dec	sp
	dec	sp
	ld	-6(ix), l
	ld	-5(ix), h
	ld	l, -6(ix)
	ld	h, -5(ix)
	ex	de, hl
	jp	__main_end
	jp	__xcc_L28
__xcc_L28:
	.globl _test_func_name
	call	_test_func_name
	push	de
	pop	hl
	dec	sp
	dec	sp
	ld	-8(ix), l
	ld	-7(ix), h
	ld	l, -8(ix)
	ld	h, -7(ix)
	push	hl
	ld	hl, #0
	pop	de
	or	a, a
	sbc	hl, de
	ld	hl, #1
	jp	z, __cmp_e_83426
	dec	hl
__cmp_e_83426:
	dec	sp
	dec	sp
	ld	-10(ix), l
	ld	-9(ix), h
	ld	l, -10(ix)
	ld	h, -9(ix)
	ld	a, h
	or	a, l
	jp	nz, __xcc_L29
	jp	__xcc_L31
__xcc_L29:
	ld	hl, #0
	dec	sp
	dec	sp
	ld	-12(ix), l
	ld	-11(ix), h
	ld	l, -12(ix)
	ld	h, -11(ix)
	ex	de, hl
	jp	__main_end
	jp	__xcc_L31
__xcc_L31:
	.globl _test_array_init
	call	_test_array_init
	push	de
	pop	hl
	dec	sp
	dec	sp
	ld	-14(ix), l
	ld	-13(ix), h
	ld	l, -14(ix)
	ld	h, -13(ix)
	push	hl
	ld	hl, #0
	pop	de
	or	a, a
	sbc	hl, de
	ld	hl, #1
	jp	z, __cmp_e_89172
	dec	hl
__cmp_e_89172:
	dec	sp
	dec	sp
	ld	-16(ix), l
	ld	-15(ix), h
	ld	l, -16(ix)
	ld	h, -15(ix)
	ld	a, h
	or	a, l
	jp	nz, __xcc_L32
	jp	__xcc_L34
__xcc_L32:
	ld	hl, #0
	dec	sp
	dec	sp
	ld	-18(ix), l
	ld	-17(ix), h
	ld	l, -18(ix)
	ld	h, -17(ix)
	ex	de, hl
	jp	__main_end
	jp	__xcc_L34
__xcc_L34:
	.globl _test_wide_string
	call	_test_wide_string
	push	de
	pop	hl
	dec	sp
	dec	sp
	ld	-20(ix), l
	ld	-19(ix), h
	ld	l, -20(ix)
	ld	h, -19(ix)
	push	hl
	ld	hl, #0
	pop	de
	or	a, a
	sbc	hl, de
	ld	hl, #1
	jp	z, __cmp_e_55736
	dec	hl
__cmp_e_55736:
	dec	sp
	dec	sp
	ld	-22(ix), l
	ld	-21(ix), h
	ld	l, -22(ix)
	ld	h, -21(ix)
	ld	a, h
	or	a, l
	jp	nz, __xcc_L35
	jp	__xcc_L37
__xcc_L35:
	ld	hl, #0
	dec	sp
	dec	sp
	ld	-24(ix), l
	ld	-23(ix), h
	ld	l, -24(ix)
	ld	h, -23(ix)
	ex	de, hl
	jp	__main_end
	jp	__xcc_L37
__xcc_L37:
	ld	hl, #1
	dec	sp
	dec	sp
	ld	-26(ix), l
	ld	-25(ix), h
	ld	l, -26(ix)
	ld	h, -25(ix)
	ex	de, hl
	jp	__main_end
__main_end:
	; epilogue: main
	ld	sp, ix
	pop	ix
	ret
