	.module xcc_output


	.area _CODE

	.globl _area
_area:
	; prologue: area (locals=4)
	push	ix
	ld	ix, #0
	add	ix, sp
	ld	hl, #-4
	add	hl, sp
	ld	sp, hl
	; receive param r at 4(ix)
	ld	l, 4(ix)
	ld	h, 5(ix)
	ld	de, #4
	add	hl, de
	dec	sp
	dec	sp
	ld	-6(ix), l
	ld	-5(ix), h
	ld	l, -6(ix)
	ld	h, -5(ix)
	ld	e, (hl)
	inc	hl
	ld	d, (hl)
	ex	de, hl
	dec	sp
	dec	sp
	dec	sp
	dec	sp
	ld	-10(ix), l
	ld	-9(ix), h
	push	ix
	pop	hl
	ld	de, #-10
	add	hl, de
	dec	sp
	dec	sp
	ld	-12(ix), l
	ld	-11(ix), h
	ld	l, -12(ix)
	ld	h, -11(ix)
	ld	e, (hl)
	inc	hl
	ld	d, (hl)
	ex	de, hl
	dec	sp
	dec	sp
	ld	-14(ix), l
	ld	-13(ix), h
	ld	l, 4(ix)
	ld	h, 5(ix)
	ld	e, (hl)
	inc	hl
	ld	d, (hl)
	ex	de, hl
	dec	sp
	dec	sp
	dec	sp
	dec	sp
	ld	-18(ix), l
	ld	-17(ix), h
	push	ix
	pop	hl
	ld	de, #-18
	add	hl, de
	dec	sp
	dec	sp
	ld	-20(ix), l
	ld	-19(ix), h
	ld	l, -20(ix)
	ld	h, -19(ix)
	ld	e, (hl)
	inc	hl
	ld	d, (hl)
	ex	de, hl
	dec	sp
	dec	sp
	ld	-22(ix), l
	ld	-21(ix), h
	ld	l, -14(ix)
	ld	h, -13(ix)
	ld	e, -22(ix)
	ld	d, -21(ix)
	or	a, a
	sbc	hl, de
	dec	sp
	dec	sp
	ld	-24(ix), l
	ld	-23(ix), h
	ld	l, -24(ix)
	ld	h, -23(ix)
	ld	-2(ix), l
	ld	-1(ix), h
	ld	l, 4(ix)
	ld	h, 5(ix)
	ld	de, #4
	add	hl, de
	dec	sp
	dec	sp
	ld	-26(ix), l
	ld	-25(ix), h
	ld	l, -26(ix)
	ld	h, -25(ix)
	ld	e, (hl)
	inc	hl
	ld	d, (hl)
	ex	de, hl
	dec	sp
	dec	sp
	dec	sp
	dec	sp
	ld	-30(ix), l
	ld	-29(ix), h
	push	ix
	pop	hl
	ld	de, #-30
	add	hl, de
	dec	sp
	dec	sp
	ld	-32(ix), l
	ld	-31(ix), h
	ld	l, -32(ix)
	ld	h, -31(ix)
	ld	de, #2
	add	hl, de
	dec	sp
	dec	sp
	ld	-34(ix), l
	ld	-33(ix), h
	ld	l, -34(ix)
	ld	h, -33(ix)
	ld	e, (hl)
	inc	hl
	ld	d, (hl)
	ex	de, hl
	dec	sp
	dec	sp
	ld	-36(ix), l
	ld	-35(ix), h
	ld	l, 4(ix)
	ld	h, 5(ix)
	ld	e, (hl)
	inc	hl
	ld	d, (hl)
	ex	de, hl
	dec	sp
	dec	sp
	dec	sp
	dec	sp
	ld	-40(ix), l
	ld	-39(ix), h
	push	ix
	pop	hl
	ld	de, #-40
	add	hl, de
	dec	sp
	dec	sp
	ld	-42(ix), l
	ld	-41(ix), h
	ld	l, -42(ix)
	ld	h, -41(ix)
	ld	de, #2
	add	hl, de
	dec	sp
	dec	sp
	ld	-44(ix), l
	ld	-43(ix), h
	ld	l, -44(ix)
	ld	h, -43(ix)
	ld	e, (hl)
	inc	hl
	ld	d, (hl)
	ex	de, hl
	dec	sp
	dec	sp
	ld	-46(ix), l
	ld	-45(ix), h
	ld	l, -36(ix)
	ld	h, -35(ix)
	ld	e, -46(ix)
	ld	d, -45(ix)
	or	a, a
	sbc	hl, de
	dec	sp
	dec	sp
	ld	-48(ix), l
	ld	-47(ix), h
	ld	l, -48(ix)
	ld	h, -47(ix)
	ld	-4(ix), l
	ld	-3(ix), h
	.globl __mul16
	ld	l, -4(ix)
	ld	h, -3(ix)
	push	hl
	ld	l, -2(ix)
	ld	h, -1(ix)
	push	hl
	call	__mul16
	pop	bc
	pop	bc
	dec	sp
	dec	sp
	ld	-50(ix), l
	ld	-49(ix), h
	ld	l, -50(ix)
	ld	h, -49(ix)
	jp	__area_end
__area_end:
	; epilogue: area
	ld	sp, ix
	pop	ix
	ret
	.globl _main
_main:
	; prologue: main (locals=14)
	push	ix
	ld	ix, #0
	add	ix, sp
	ld	hl, #-14
	add	hl, sp
	ld	sp, hl
	push	ix
	pop	hl
	ld	de, #-4
	add	hl, de
	dec	sp
	dec	sp
	ld	-16(ix), l
	ld	-15(ix), h
	ld	l, -16(ix)
	ld	h, -15(ix)
	push	hl
	ld	de, #3
	pop	hl
	ld	(hl), e
	inc	hl
	ld	(hl), d
	push	ix
	pop	hl
	ld	de, #-4
	add	hl, de
	dec	sp
	dec	sp
	ld	-18(ix), l
	ld	-17(ix), h
	ld	l, -18(ix)
	ld	h, -17(ix)
	ld	de, #2
	add	hl, de
	dec	sp
	dec	sp
	ld	-20(ix), l
	ld	-19(ix), h
	ld	l, -20(ix)
	ld	h, -19(ix)
	push	hl
	ld	de, #7
	pop	hl
	ld	(hl), e
	inc	hl
	ld	(hl), d
	push	ix
	pop	hl
	ld	de, #-4
	add	hl, de
	dec	sp
	dec	sp
	ld	-22(ix), l
	ld	-21(ix), h
	ld	l, -22(ix)
	ld	h, -21(ix)
	ld	e, (hl)
	inc	hl
	ld	d, (hl)
	ex	de, hl
	dec	sp
	dec	sp
	ld	-24(ix), l
	ld	-23(ix), h
	ld	l, -24(ix)
	ld	h, -23(ix)
	push	hl
	ld	hl, #3
	pop	de
	or	a, a
	sbc	hl, de
	jp	nz, __cmp_t_89383
	ld	hl, #0
	jp	__cmp_e_30886
__cmp_t_89383:
	ld	hl, #1
__cmp_e_30886:
	dec	sp
	dec	sp
	ld	-26(ix), l
	ld	-25(ix), h
	ld	l, -26(ix)
	ld	h, -25(ix)
	ld	a, h
	or	a, l
	jp	nz, __xcc_L0
	jp	__xcc_L2
__xcc_L0:
	ld	hl, #0
	jp	__main_end
	jp	__xcc_L2
__xcc_L2:
	push	ix
	pop	hl
	ld	de, #-4
	add	hl, de
	dec	sp
	dec	sp
	ld	-28(ix), l
	ld	-27(ix), h
	ld	l, -28(ix)
	ld	h, -27(ix)
	ld	de, #2
	add	hl, de
	dec	sp
	dec	sp
	ld	-30(ix), l
	ld	-29(ix), h
	ld	l, -30(ix)
	ld	h, -29(ix)
	ld	e, (hl)
	inc	hl
	ld	d, (hl)
	ex	de, hl
	dec	sp
	dec	sp
	ld	-32(ix), l
	ld	-31(ix), h
	ld	l, -32(ix)
	ld	h, -31(ix)
	push	hl
	ld	hl, #7
	pop	de
	or	a, a
	sbc	hl, de
	jp	nz, __cmp_t_92777
	ld	hl, #0
	jp	__cmp_e_36915
__cmp_t_92777:
	ld	hl, #1
__cmp_e_36915:
	dec	sp
	dec	sp
	ld	-34(ix), l
	ld	-33(ix), h
	ld	l, -34(ix)
	ld	h, -33(ix)
	ld	a, h
	or	a, l
	jp	nz, __xcc_L3
	jp	__xcc_L5
__xcc_L3:
	ld	hl, #0
	jp	__main_end
	jp	__xcc_L5
__xcc_L5:
	push	ix
	pop	hl
	ld	de, #-4
	add	hl, de
	dec	sp
	dec	sp
	ld	-36(ix), l
	ld	-35(ix), h
	ld	l, -36(ix)
	ld	h, -35(ix)
	ld	e, (hl)
	inc	hl
	ld	d, (hl)
	ex	de, hl
	dec	sp
	dec	sp
	ld	-38(ix), l
	ld	-37(ix), h
	ld	l, -38(ix)
	ld	h, -37(ix)
	ld	de, #2
	add	hl, de
	dec	sp
	dec	sp
	ld	-40(ix), l
	ld	-39(ix), h
	push	ix
	pop	hl
	ld	de, #-4
	add	hl, de
	dec	sp
	dec	sp
	ld	-42(ix), l
	ld	-41(ix), h
	ld	l, -42(ix)
	ld	h, -41(ix)
	push	hl
	ld	e, -40(ix)
	ld	d, -39(ix)
	pop	hl
	ld	(hl), e
	inc	hl
	ld	(hl), d
	push	ix
	pop	hl
	ld	de, #-4
	add	hl, de
	dec	sp
	dec	sp
	ld	-44(ix), l
	ld	-43(ix), h
	ld	l, -44(ix)
	ld	h, -43(ix)
	ld	e, (hl)
	inc	hl
	ld	d, (hl)
	ex	de, hl
	dec	sp
	dec	sp
	ld	-46(ix), l
	ld	-45(ix), h
	ld	l, -46(ix)
	ld	h, -45(ix)
	push	hl
	ld	hl, #5
	pop	de
	or	a, a
	sbc	hl, de
	jp	nz, __cmp_t_47793
	ld	hl, #0
	jp	__cmp_e_38335
__cmp_t_47793:
	ld	hl, #1
__cmp_e_38335:
	dec	sp
	dec	sp
	ld	-48(ix), l
	ld	-47(ix), h
	ld	l, -48(ix)
	ld	h, -47(ix)
	ld	a, h
	or	a, l
	jp	nz, __xcc_L6
	jp	__xcc_L8
__xcc_L6:
	ld	hl, #0
	jp	__main_end
	jp	__xcc_L8
__xcc_L8:
	push	ix
	pop	hl
	ld	de, #-4
	add	hl, de
	dec	sp
	dec	sp
	ld	-50(ix), l
	ld	-49(ix), h
	ld	l, -50(ix)
	ld	h, -49(ix)
	ld	-6(ix), l
	ld	-5(ix), h
	ld	l, -6(ix)
	ld	h, -5(ix)
	ld	de, #2
	add	hl, de
	dec	sp
	dec	sp
	ld	-52(ix), l
	ld	-51(ix), h
	ld	l, -52(ix)
	ld	h, -51(ix)
	push	hl
	ld	de, #10
	pop	hl
	ld	(hl), e
	inc	hl
	ld	(hl), d
	push	ix
	pop	hl
	ld	de, #-4
	add	hl, de
	dec	sp
	dec	sp
	ld	-54(ix), l
	ld	-53(ix), h
	ld	l, -54(ix)
	ld	h, -53(ix)
	ld	de, #2
	add	hl, de
	dec	sp
	dec	sp
	ld	-56(ix), l
	ld	-55(ix), h
	ld	l, -56(ix)
	ld	h, -55(ix)
	ld	e, (hl)
	inc	hl
	ld	d, (hl)
	ex	de, hl
	dec	sp
	dec	sp
	ld	-58(ix), l
	ld	-57(ix), h
	ld	l, -58(ix)
	ld	h, -57(ix)
	push	hl
	ld	hl, #10
	pop	de
	or	a, a
	sbc	hl, de
	jp	nz, __cmp_t_85386
	ld	hl, #0
	jp	__cmp_e_60492
__cmp_t_85386:
	ld	hl, #1
__cmp_e_60492:
	dec	sp
	dec	sp
	ld	-60(ix), l
	ld	-59(ix), h
	ld	l, -60(ix)
	ld	h, -59(ix)
	ld	a, h
	or	a, l
	jp	nz, __xcc_L9
	jp	__xcc_L11
__xcc_L9:
	ld	hl, #0
	jp	__main_end
	jp	__xcc_L11
__xcc_L11:
	push	ix
	pop	hl
	ld	de, #-14
	add	hl, de
	dec	sp
	dec	sp
	ld	-62(ix), l
	ld	-61(ix), h
	ld	l, -62(ix)
	ld	h, -61(ix)
	ld	e, (hl)
	inc	hl
	ld	d, (hl)
	ex	de, hl
	dec	sp
	dec	sp
	dec	sp
	dec	sp
	ld	-66(ix), l
	ld	-65(ix), h
	push	ix
	pop	hl
	ld	de, #-66
	add	hl, de
	dec	sp
	dec	sp
	ld	-68(ix), l
	ld	-67(ix), h
	ld	l, -68(ix)
	ld	h, -67(ix)
	push	hl
	ld	de, #1
	pop	hl
	ld	(hl), e
	inc	hl
	ld	(hl), d
	push	ix
	pop	hl
	ld	de, #-14
	add	hl, de
	dec	sp
	dec	sp
	ld	-70(ix), l
	ld	-69(ix), h
	ld	l, -70(ix)
	ld	h, -69(ix)
	ld	e, (hl)
	inc	hl
	ld	d, (hl)
	ex	de, hl
	dec	sp
	dec	sp
	dec	sp
	dec	sp
	ld	-74(ix), l
	ld	-73(ix), h
	push	ix
	pop	hl
	ld	de, #-74
	add	hl, de
	dec	sp
	dec	sp
	ld	-76(ix), l
	ld	-75(ix), h
	ld	l, -76(ix)
	ld	h, -75(ix)
	ld	de, #2
	add	hl, de
	dec	sp
	dec	sp
	ld	-78(ix), l
	ld	-77(ix), h
	ld	l, -78(ix)
	ld	h, -77(ix)
	push	hl
	ld	de, #2
	pop	hl
	ld	(hl), e
	inc	hl
	ld	(hl), d
	push	ix
	pop	hl
	ld	de, #-14
	add	hl, de
	dec	sp
	dec	sp
	ld	-80(ix), l
	ld	-79(ix), h
	ld	l, -80(ix)
	ld	h, -79(ix)
	ld	de, #4
	add	hl, de
	dec	sp
	dec	sp
	ld	-82(ix), l
	ld	-81(ix), h
	ld	l, -82(ix)
	ld	h, -81(ix)
	ld	e, (hl)
	inc	hl
	ld	d, (hl)
	ex	de, hl
	dec	sp
	dec	sp
	dec	sp
	dec	sp
	ld	-86(ix), l
	ld	-85(ix), h
	push	ix
	pop	hl
	ld	de, #-86
	add	hl, de
	dec	sp
	dec	sp
	ld	-88(ix), l
	ld	-87(ix), h
	ld	l, -88(ix)
	ld	h, -87(ix)
	push	hl
	ld	de, #4
	pop	hl
	ld	(hl), e
	inc	hl
	ld	(hl), d
	push	ix
	pop	hl
	ld	de, #-14
	add	hl, de
	dec	sp
	dec	sp
	ld	-90(ix), l
	ld	-89(ix), h
	ld	l, -90(ix)
	ld	h, -89(ix)
	ld	de, #4
	add	hl, de
	dec	sp
	dec	sp
	ld	-92(ix), l
	ld	-91(ix), h
	ld	l, -92(ix)
	ld	h, -91(ix)
	ld	e, (hl)
	inc	hl
	ld	d, (hl)
	ex	de, hl
	dec	sp
	dec	sp
	dec	sp
	dec	sp
	ld	-96(ix), l
	ld	-95(ix), h
	push	ix
	pop	hl
	ld	de, #-96
	add	hl, de
	dec	sp
	dec	sp
	ld	-98(ix), l
	ld	-97(ix), h
	ld	l, -98(ix)
	ld	h, -97(ix)
	ld	de, #2
	add	hl, de
	dec	sp
	dec	sp
	ld	-100(ix), l
	ld	-99(ix), h
	ld	l, -100(ix)
	ld	h, -99(ix)
	push	hl
	ld	de, #6
	pop	hl
	ld	(hl), e
	inc	hl
	ld	(hl), d
	push	ix
	pop	hl
	ld	de, #-14
	add	hl, de
	dec	sp
	dec	sp
	ld	-102(ix), l
	ld	-101(ix), h
	ld	l, -102(ix)
	ld	h, -101(ix)
	push	hl
	.globl _area
	call	_area
	pop	bc
	dec	sp
	dec	sp
	ld	-104(ix), l
	ld	-103(ix), h
	ld	l, -104(ix)
	ld	h, -103(ix)
	push	hl
	ld	hl, #12
	pop	de
	or	a, a
	sbc	hl, de
	jp	nz, __cmp_t_16649
	ld	hl, #0
	jp	__cmp_e_41421
__cmp_t_16649:
	ld	hl, #1
__cmp_e_41421:
	dec	sp
	dec	sp
	ld	-106(ix), l
	ld	-105(ix), h
	ld	l, -106(ix)
	ld	h, -105(ix)
	ld	a, h
	or	a, l
	jp	nz, __xcc_L12
	jp	__xcc_L14
__xcc_L12:
	ld	hl, #0
	jp	__main_end
	jp	__xcc_L14
__xcc_L14:
	ld	hl, #1
	jp	__main_end
__main_end:
	; epilogue: main
	ld	sp, ix
	pop	ix
	ret
