	.module xcc_output


	.area _CODE

	.globl _add
_add:
	; sdcccall(1) prologue: add (locals=4, temp_frame=4, stack_params=0)
	push	ix
	ld	ix, #0
	add	ix, sp
	ld	-2(ix), l
	ld	-1(ix), h
	ld	-4(ix), e
	ld	-3(ix), d
	ld	hl, #-8
	add	hl, sp
	ld	sp, hl
	; receive (sdcccall1) param a at -2(ix)
	; receive (sdcccall1) param b at -4(ix)
	ld	l, -2(ix)
	ld	h, -1(ix)
	ld	e, -4(ix)
	ld	d, -3(ix)
	add	hl, de
	ld	-6(ix), l
	ld	-5(ix), h
	ld	l, -6(ix)
	ld	h, -5(ix)
	ld	-8(ix), l
	ld	-7(ix), h
	ld	l, -8(ix)
	ld	h, -7(ix)
	ex	de, hl
	jp	__add_end
__add_end:
	; epilogue: add
	ld	sp, ix
	pop	ix
	ret
	.globl _main
_main:
	; sdcccall(1) prologue: main (locals=9, temp_frame=46, stack_params=0)
	push	ix
	ld	ix, #0
	add	ix, sp
	ld	hl, #-55
	add	hl, sp
	ld	sp, hl
	ld	hl, #10
	ld	-2(ix), l
	ld	-1(ix), h
	ld	hl, #200
	ld	-3(ix), l
	ld	-2(ix), h
	ld	de, #3
	ld	l, -2(ix)
	ld	h, -1(ix)
	.globl _add
	call	_add
	push	de
	pop	hl
	ld	-11(ix), l
	ld	-10(ix), h
	ld	l, -11(ix)
	ld	h, -10(ix)
	push	hl
	ld	hl, #13
	pop	de
	or	a, a
	sbc	hl, de
	ld	hl, #1
	jp	nz, __cmp_e_89383
	dec	hl
__cmp_e_89383:
	ld	-13(ix), l
	ld	-12(ix), h
	ld	l, -13(ix)
	ld	h, -12(ix)
	ld	a, h
	or	a, l
	jp	nz, __xcc_L0
	jp	__xcc_L2
__xcc_L0:
	ld	hl, #0
	ld	-15(ix), l
	ld	-14(ix), h
	ld	l, -15(ix)
	ld	h, -14(ix)
	ex	de, hl
	jp	__main_end
	jp	__xcc_L2
__xcc_L2:
	ld	a, -3(ix)
	ld	l, a
	ld	h, #0
	ld	-17(ix), l
	ld	-16(ix), h
	ld	l, -17(ix)
	ld	h, -16(ix)
	push	hl
	ld	hl, #200
	pop	de
	or	a, a
	sbc	hl, de
	ld	hl, #1
	jp	nz, __cmp_e_30886
	dec	hl
__cmp_e_30886:
	ld	-19(ix), l
	ld	-18(ix), h
	ld	l, -19(ix)
	ld	h, -18(ix)
	ld	a, h
	or	a, l
	jp	nz, __xcc_L3
	jp	__xcc_L5
__xcc_L3:
	ld	hl, #0
	ld	-21(ix), l
	ld	-20(ix), h
	ld	l, -21(ix)
	ld	h, -20(ix)
	ex	de, hl
	jp	__main_end
	jp	__xcc_L5
__xcc_L5:
	push	ix
	pop	hl
	ld	bc, #-7
	add	hl, bc
	ld	-23(ix), l
	ld	-22(ix), h
	ld	l, -23(ix)
	ld	h, -22(ix)
	ld	de, #4
	ld	(hl), e
	inc	hl
	ld	(hl), d
	push	ix
	pop	hl
	ld	bc, #-7
	add	hl, bc
	ld	-25(ix), l
	ld	-24(ix), h
	ld	l, -25(ix)
	ld	h, -24(ix)
	ld	de, #2
	add	hl, de
	ld	-27(ix), l
	ld	-26(ix), h
	ld	l, -27(ix)
	ld	h, -26(ix)
	ld	de, #7
	ld	(hl), e
	inc	hl
	ld	(hl), d
	push	ix
	pop	hl
	ld	bc, #-7
	add	hl, bc
	ld	-29(ix), l
	ld	-28(ix), h
	ld	l, -29(ix)
	ld	h, -28(ix)
	ld	e, (hl)
	inc	hl
	ld	d, (hl)
	ld	-31(ix), e
	ld	-30(ix), d
	push	ix
	pop	hl
	ld	bc, #-7
	add	hl, bc
	ld	-33(ix), l
	ld	-32(ix), h
	ld	l, -33(ix)
	ld	h, -32(ix)
	ld	de, #2
	add	hl, de
	ld	-35(ix), l
	ld	-34(ix), h
	ld	l, -35(ix)
	ld	h, -34(ix)
	ld	e, (hl)
	inc	hl
	ld	d, (hl)
	ld	-37(ix), e
	ld	-36(ix), d
	ld	l, -31(ix)
	ld	h, -30(ix)
	ld	e, -37(ix)
	ld	d, -36(ix)
	add	hl, de
	ld	-39(ix), l
	ld	-38(ix), h
	ld	l, -39(ix)
	ld	h, -38(ix)
	push	hl
	ld	hl, #11
	pop	de
	or	a, a
	sbc	hl, de
	ld	hl, #1
	jp	nz, __cmp_e_92777
	dec	hl
__cmp_e_92777:
	ld	-41(ix), l
	ld	-40(ix), h
	ld	l, -41(ix)
	ld	h, -40(ix)
	ld	a, h
	or	a, l
	jp	nz, __xcc_L6
	jp	__xcc_L8
__xcc_L6:
	ld	hl, #0
	ld	-43(ix), l
	ld	-42(ix), h
	ld	l, -43(ix)
	ld	h, -42(ix)
	ex	de, hl
	jp	__main_end
	jp	__xcc_L8
__xcc_L8:
	push	ix
	pop	hl
	ld	bc, #-7
	add	hl, bc
	ld	-45(ix), l
	ld	-44(ix), h
	ld	l, -45(ix)
	ld	h, -44(ix)
	ld	-9(ix), l
	ld	-8(ix), h
	ld	l, -9(ix)
	ld	h, -8(ix)
	ld	de, #100
	ld	(hl), e
	inc	hl
	ld	(hl), d
	push	ix
	pop	hl
	ld	bc, #-7
	add	hl, bc
	ld	-47(ix), l
	ld	-46(ix), h
	ld	l, -47(ix)
	ld	h, -46(ix)
	ld	e, (hl)
	inc	hl
	ld	d, (hl)
	ld	-49(ix), e
	ld	-48(ix), d
	ld	l, -49(ix)
	ld	h, -48(ix)
	push	hl
	ld	hl, #100
	pop	de
	or	a, a
	sbc	hl, de
	ld	hl, #1
	jp	nz, __cmp_e_36915
	dec	hl
__cmp_e_36915:
	ld	-51(ix), l
	ld	-50(ix), h
	ld	l, -51(ix)
	ld	h, -50(ix)
	ld	a, h
	or	a, l
	jp	nz, __xcc_L9
	jp	__xcc_L11
__xcc_L9:
	ld	hl, #0
	ld	-53(ix), l
	ld	-52(ix), h
	ld	l, -53(ix)
	ld	h, -52(ix)
	ex	de, hl
	jp	__main_end
	jp	__xcc_L11
__xcc_L11:
	ld	hl, #1
	ld	-55(ix), l
	ld	-54(ix), h
	ld	l, -55(ix)
	ld	h, -54(ix)
	ex	de, hl
	jp	__main_end
__main_end:
	; epilogue: main
	ld	sp, ix
	pop	ix
	ret
