	.module xcc_output


	.area _CODE

	.globl _add
_add:
	; prologue: add (locals=0)
	push	ix
	ld	ix, #0
	add	ix, sp
	; receive param a at 4(ix)
	; receive param b at 6(ix)
	ld	l, 4(ix)
	ld	h, 5(ix)
	ld	e, 6(ix)
	ld	d, 7(ix)
	add	hl, de
	dec	sp
	dec	sp
	ld	-2(ix), l
	ld	-1(ix), h
	ld	l, -2(ix)
	ld	h, -1(ix)
	jp	__add_end
__add_end:
	; epilogue: add
	ld	sp, ix
	pop	ix
	ret
	.globl _sub
_sub:
	; prologue: sub (locals=0)
	push	ix
	ld	ix, #0
	add	ix, sp
	; receive param a at 4(ix)
	; receive param b at 6(ix)
	ld	l, 4(ix)
	ld	h, 5(ix)
	ld	e, 6(ix)
	ld	d, 7(ix)
	or	a, a
	sbc	hl, de
	dec	sp
	dec	sp
	ld	-2(ix), l
	ld	-1(ix), h
	ld	l, -2(ix)
	ld	h, -1(ix)
	jp	__sub_end
__sub_end:
	; epilogue: sub
	ld	sp, ix
	pop	ix
	ret
	.globl _mul
_mul:
	; prologue: mul (locals=0)
	push	ix
	ld	ix, #0
	add	ix, sp
	; receive param a at 4(ix)
	; receive param b at 6(ix)
	.globl __mul16
	ld	l, 6(ix)
	ld	h, 7(ix)
	push	hl
	ld	l, 4(ix)
	ld	h, 5(ix)
	push	hl
	call	__mul16
	pop	bc
	pop	bc
	dec	sp
	dec	sp
	ld	-2(ix), l
	ld	-1(ix), h
	ld	l, -2(ix)
	ld	h, -1(ix)
	jp	__mul_end
__mul_end:
	; epilogue: mul
	ld	sp, ix
	pop	ix
	ret
	.globl _apply
_apply:
	; prologue: apply (locals=0)
	push	ix
	ld	ix, #0
	add	ix, sp
	; receive param op at 4(ix)
	; receive param a at 6(ix)
	; receive param b at 8(ix)
	ld	l, 8(ix)
	ld	h, 9(ix)
	push	hl
	ld	l, 6(ix)
	ld	h, 7(ix)
	push	hl
	.globl __call_hl
	ld	l, 4(ix)
	ld	h, 5(ix)
	call	__call_hl
	pop	bc
	pop	bc
	dec	sp
	dec	sp
	ld	-2(ix), l
	ld	-1(ix), h
	ld	l, -2(ix)
	ld	h, -1(ix)
	jp	__apply_end
__apply_end:
	; epilogue: apply
	ld	sp, ix
	pop	ix
	ret
	.globl _pick
_pick:
	; prologue: pick (locals=0)
	push	ix
	ld	ix, #0
	add	ix, sp
	; receive param code at 4(ix)
	ld	l, 4(ix)
	ld	h, 5(ix)
	push	hl
	ld	hl, #0
	pop	de
	or	a, a
	sbc	hl, de
	jp	z, __cmp_t_89383
	ld	hl, #0
	jp	__cmp_e_30886
__cmp_t_89383:
	ld	hl, #1
__cmp_e_30886:
	dec	sp
	dec	sp
	ld	-2(ix), l
	ld	-1(ix), h
	ld	l, -2(ix)
	ld	h, -1(ix)
	ld	a, h
	or	a, l
	jp	nz, __xcc_L0
	jp	__xcc_L2
__xcc_L0:
	ld	hl, #_add
	jp	__pick_end
	jp	__xcc_L2
__xcc_L2:
	ld	l, 4(ix)
	ld	h, 5(ix)
	push	hl
	ld	hl, #1
	pop	de
	or	a, a
	sbc	hl, de
	jp	z, __cmp_t_92777
	ld	hl, #0
	jp	__cmp_e_36915
__cmp_t_92777:
	ld	hl, #1
__cmp_e_36915:
	dec	sp
	dec	sp
	ld	-4(ix), l
	ld	-3(ix), h
	ld	l, -4(ix)
	ld	h, -3(ix)
	ld	a, h
	or	a, l
	jp	nz, __xcc_L3
	jp	__xcc_L5
__xcc_L3:
	ld	hl, #_sub
	jp	__pick_end
	jp	__xcc_L5
__xcc_L5:
	ld	hl, #_mul
	jp	__pick_end
__pick_end:
	; epilogue: pick
	ld	sp, ix
	pop	ix
	ret
	.globl _main
_main:
	; prologue: main (locals=4)
	push	ix
	ld	ix, #0
	add	ix, sp
	ld	hl, #-4
	add	hl, sp
	ld	sp, hl
	ld	hl, #_add
	ld	-2(ix), l
	ld	-1(ix), h
	ld	hl, #4
	push	hl
	ld	hl, #3
	push	hl
	.globl __call_hl
	ld	l, -2(ix)
	ld	h, -1(ix)
	call	__call_hl
	pop	bc
	pop	bc
	dec	sp
	dec	sp
	ld	-6(ix), l
	ld	-5(ix), h
	ld	l, -6(ix)
	ld	h, -5(ix)
	push	hl
	ld	hl, #7
	pop	de
	or	a, a
	sbc	hl, de
	jp	nz, __cmp_t_47793
	ld	hl, #0
	jp	__cmp_e_38335
__cmp_t_47793:
	ld	hl, #1
__cmp_e_38335:
	dec	sp
	dec	sp
	ld	-8(ix), l
	ld	-7(ix), h
	ld	l, -8(ix)
	ld	h, -7(ix)
	ld	a, h
	or	a, l
	jp	nz, __xcc_L6
	jp	__xcc_L8
__xcc_L6:
	ld	hl, #0
	jp	__main_end
	jp	__xcc_L8
__xcc_L8:
	ld	hl, #_sub
	ld	-2(ix), l
	ld	-1(ix), h
	ld	hl, #3
	push	hl
	ld	hl, #10
	push	hl
	.globl __call_hl
	ld	l, -2(ix)
	ld	h, -1(ix)
	call	__call_hl
	pop	bc
	pop	bc
	dec	sp
	dec	sp
	ld	-10(ix), l
	ld	-9(ix), h
	ld	l, -10(ix)
	ld	h, -9(ix)
	push	hl
	ld	hl, #7
	pop	de
	or	a, a
	sbc	hl, de
	jp	nz, __cmp_t_85386
	ld	hl, #0
	jp	__cmp_e_60492
__cmp_t_85386:
	ld	hl, #1
__cmp_e_60492:
	dec	sp
	dec	sp
	ld	-12(ix), l
	ld	-11(ix), h
	ld	l, -12(ix)
	ld	h, -11(ix)
	ld	a, h
	or	a, l
	jp	nz, __xcc_L9
	jp	__xcc_L11
__xcc_L9:
	ld	hl, #0
	jp	__main_end
	jp	__xcc_L11
__xcc_L11:
	ld	hl, #4
	push	hl
	ld	hl, #3
	push	hl
	ld	hl, #_mul
	push	hl
	.globl _apply
	call	_apply
	pop	bc
	pop	bc
	pop	bc
	dec	sp
	dec	sp
	ld	-14(ix), l
	ld	-13(ix), h
	ld	l, -14(ix)
	ld	h, -13(ix)
	push	hl
	ld	hl, #12
	pop	de
	or	a, a
	sbc	hl, de
	jp	nz, __cmp_t_16649
	ld	hl, #0
	jp	__cmp_e_41421
__cmp_t_16649:
	ld	hl, #1
__cmp_e_41421:
	dec	sp
	dec	sp
	ld	-16(ix), l
	ld	-15(ix), h
	ld	l, -16(ix)
	ld	h, -15(ix)
	ld	a, h
	or	a, l
	jp	nz, __xcc_L12
	jp	__xcc_L14
__xcc_L12:
	ld	hl, #0
	jp	__main_end
	jp	__xcc_L14
__xcc_L14:
	ld	hl, #6
	push	hl
	ld	hl, #5
	push	hl
	ld	hl, #_add
	push	hl
	.globl _apply
	call	_apply
	pop	bc
	pop	bc
	pop	bc
	dec	sp
	dec	sp
	ld	-18(ix), l
	ld	-17(ix), h
	ld	l, -18(ix)
	ld	h, -17(ix)
	push	hl
	ld	hl, #11
	pop	de
	or	a, a
	sbc	hl, de
	jp	nz, __cmp_t_2362
	ld	hl, #0
	jp	__cmp_e_90027
__cmp_t_2362:
	ld	hl, #1
__cmp_e_90027:
	dec	sp
	dec	sp
	ld	-20(ix), l
	ld	-19(ix), h
	ld	l, -20(ix)
	ld	h, -19(ix)
	ld	a, h
	or	a, l
	jp	nz, __xcc_L15
	jp	__xcc_L17
__xcc_L15:
	ld	hl, #0
	jp	__main_end
	jp	__xcc_L17
__xcc_L17:
	ld	hl, #0
	push	hl
	.globl _pick
	call	_pick
	pop	bc
	dec	sp
	dec	sp
	ld	-22(ix), l
	ld	-21(ix), h
	ld	l, -22(ix)
	ld	h, -21(ix)
	ld	-4(ix), l
	ld	-3(ix), h
	ld	hl, #3
	push	hl
	ld	hl, #2
	push	hl
	.globl __call_hl
	ld	l, -4(ix)
	ld	h, -3(ix)
	call	__call_hl
	pop	bc
	pop	bc
	dec	sp
	dec	sp
	ld	-24(ix), l
	ld	-23(ix), h
	ld	l, -24(ix)
	ld	h, -23(ix)
	push	hl
	ld	hl, #5
	pop	de
	or	a, a
	sbc	hl, de
	jp	nz, __cmp_t_68690
	ld	hl, #0
	jp	__cmp_e_20059
__cmp_t_68690:
	ld	hl, #1
__cmp_e_20059:
	dec	sp
	dec	sp
	ld	-26(ix), l
	ld	-25(ix), h
	ld	l, -26(ix)
	ld	h, -25(ix)
	ld	a, h
	or	a, l
	jp	nz, __xcc_L18
	jp	__xcc_L20
__xcc_L18:
	ld	hl, #0
	jp	__main_end
	jp	__xcc_L20
__xcc_L20:
	ld	hl, #1
	push	hl
	.globl _pick
	call	_pick
	pop	bc
	dec	sp
	dec	sp
	ld	-28(ix), l
	ld	-27(ix), h
	ld	l, -28(ix)
	ld	h, -27(ix)
	ld	-4(ix), l
	ld	-3(ix), h
	ld	hl, #4
	push	hl
	ld	hl, #9
	push	hl
	.globl __call_hl
	ld	l, -4(ix)
	ld	h, -3(ix)
	call	__call_hl
	pop	bc
	pop	bc
	dec	sp
	dec	sp
	ld	-30(ix), l
	ld	-29(ix), h
	ld	l, -30(ix)
	ld	h, -29(ix)
	push	hl
	ld	hl, #5
	pop	de
	or	a, a
	sbc	hl, de
	jp	nz, __cmp_t_97763
	ld	hl, #0
	jp	__cmp_e_13926
__cmp_t_97763:
	ld	hl, #1
__cmp_e_13926:
	dec	sp
	dec	sp
	ld	-32(ix), l
	ld	-31(ix), h
	ld	l, -32(ix)
	ld	h, -31(ix)
	ld	a, h
	or	a, l
	jp	nz, __xcc_L21
	jp	__xcc_L23
__xcc_L21:
	ld	hl, #0
	jp	__main_end
	jp	__xcc_L23
__xcc_L23:
	ld	hl, #2
	push	hl
	.globl _pick
	call	_pick
	pop	bc
	dec	sp
	dec	sp
	ld	-34(ix), l
	ld	-33(ix), h
	ld	l, -34(ix)
	ld	h, -33(ix)
	ld	-4(ix), l
	ld	-3(ix), h
	ld	hl, #4
	push	hl
	ld	hl, #3
	push	hl
	.globl __call_hl
	ld	l, -4(ix)
	ld	h, -3(ix)
	call	__call_hl
	pop	bc
	pop	bc
	dec	sp
	dec	sp
	ld	-36(ix), l
	ld	-35(ix), h
	ld	l, -36(ix)
	ld	h, -35(ix)
	push	hl
	ld	hl, #12
	pop	de
	or	a, a
	sbc	hl, de
	jp	nz, __cmp_t_80540
	ld	hl, #0
	jp	__cmp_e_83426
__cmp_t_80540:
	ld	hl, #1
__cmp_e_83426:
	dec	sp
	dec	sp
	ld	-38(ix), l
	ld	-37(ix), h
	ld	l, -38(ix)
	ld	h, -37(ix)
	ld	a, h
	or	a, l
	jp	nz, __xcc_L24
	jp	__xcc_L26
__xcc_L24:
	ld	hl, #0
	jp	__main_end
	jp	__xcc_L26
__xcc_L26:
	ld	hl, #1
	jp	__main_end
__main_end:
	; epilogue: main
	ld	sp, ix
	pop	ix
	ret
