	.module xcc_output


	.area _CODE

	.globl _add
_add:
	; sdcccall(1) prologue: add (locals=4, temp_frame=4, stack_params=0)
	push	ix
	ld	ix, #0
	add	ix, sp
	ld	-2(ix), l
	ld	-1(ix), h
	ld	-4(ix), e
	ld	-3(ix), d
	ld	hl, #-8
	add	hl, sp
	ld	sp, hl
	; receive (sdcccall1) param a at -2(ix)
	; receive (sdcccall1) param b at -4(ix)
	ld	l, -2(ix)
	ld	h, -1(ix)
	push	hl
	ld	e, -4(ix)
	ld	d, -3(ix)
	pop	hl
	add	hl, de
	ld	-6(ix), l
	ld	-5(ix), h
	ld	l, -6(ix)
	ld	h, -5(ix)
	ld	-8(ix), l
	ld	-7(ix), h
	ld	l, -8(ix)
	ld	h, -7(ix)
	ex	de, hl
	jp	__add_end
__add_end:
	; epilogue: add
	ld	sp, ix
	pop	ix
	ret
	.globl _sub
_sub:
	; sdcccall(1) prologue: sub (locals=4, temp_frame=4, stack_params=0)
	push	ix
	ld	ix, #0
	add	ix, sp
	ld	-2(ix), l
	ld	-1(ix), h
	ld	-4(ix), e
	ld	-3(ix), d
	ld	hl, #-8
	add	hl, sp
	ld	sp, hl
	; receive (sdcccall1) param a at -2(ix)
	; receive (sdcccall1) param b at -4(ix)
	ld	l, -2(ix)
	ld	h, -1(ix)
	push	hl
	ld	e, -4(ix)
	ld	d, -3(ix)
	pop	hl
	or	a, a
	sbc	hl, de
	ld	-6(ix), l
	ld	-5(ix), h
	ld	l, -6(ix)
	ld	h, -5(ix)
	ld	-8(ix), l
	ld	-7(ix), h
	ld	l, -8(ix)
	ld	h, -7(ix)
	ex	de, hl
	jp	__sub_end
__sub_end:
	; epilogue: sub
	ld	sp, ix
	pop	ix
	ret
	.globl _mul
_mul:
	; sdcccall(1) prologue: mul (locals=4, temp_frame=4, stack_params=0)
	push	ix
	ld	ix, #0
	add	ix, sp
	ld	-2(ix), l
	ld	-1(ix), h
	ld	-4(ix), e
	ld	-3(ix), d
	ld	hl, #-8
	add	hl, sp
	ld	sp, hl
	; receive (sdcccall1) param a at -2(ix)
	; receive (sdcccall1) param b at -4(ix)
	.globl __mul16
	ld	l, -2(ix)
	ld	h, -1(ix)
	push	hl
	ld	l, -4(ix)
	ld	h, -3(ix)
	pop	de
	call	__mul16
	ex	de, hl
	ld	-6(ix), l
	ld	-5(ix), h
	ld	l, -6(ix)
	ld	h, -5(ix)
	ld	-8(ix), l
	ld	-7(ix), h
	ld	l, -8(ix)
	ld	h, -7(ix)
	ex	de, hl
	jp	__mul_end
__mul_end:
	; epilogue: mul
	ld	sp, ix
	pop	ix
	ret
	.globl _apply
_apply:
	; sdcccall(1) prologue: apply (locals=4, temp_frame=4, stack_params=2)
	push	ix
	ld	ix, #0
	add	ix, sp
	ld	-2(ix), l
	ld	-1(ix), h
	ld	-4(ix), e
	ld	-3(ix), d
	ld	hl, #-8
	add	hl, sp
	ld	sp, hl
	; receive (sdcccall1) param op at -2(ix)
	; receive (sdcccall1) param a at -4(ix)
	; receive (sdcccall1) param b at 4(ix)
	ld	e, 4(ix)
	ld	d, 5(ix)
	ld	l, -4(ix)
	ld	h, -3(ix)
	.globl __sdcc_call_bc
	push	de
	push	hl
	push	af
	ld	l, -2(ix)
	ld	h, -1(ix)
	ld	b, h
	ld	c, l
	pop	af
	pop	hl
	pop	de
	call	__sdcc_call_bc
	push	de
	pop	hl
	ld	-6(ix), l
	ld	-5(ix), h
	ld	l, -6(ix)
	ld	h, -5(ix)
	ld	-8(ix), l
	ld	-7(ix), h
	ld	l, -8(ix)
	ld	h, -7(ix)
	ex	de, hl
	jp	__apply_end
__apply_end:
	; epilogue: apply
	ld	sp, ix
	pop	ix
	pop	bc
	inc	sp
	inc	sp
	push	bc
	ret
	.globl _pick
_pick:
	; sdcccall(1) prologue: pick (locals=2, temp_frame=10, stack_params=0)
	push	ix
	ld	ix, #0
	add	ix, sp
	ld	-2(ix), l
	ld	-1(ix), h
	ld	hl, #-12
	add	hl, sp
	ld	sp, hl
	; receive (sdcccall1) param code at -2(ix)
	ld	l, -2(ix)
	ld	h, -1(ix)
	push	hl
	ld	hl, #0
	pop	de
	or	a, a
	sbc	hl, de
	ld	hl, #1
	jp	z, __cmp_e_89383
	dec	hl
__cmp_e_89383:
	ld	-4(ix), l
	ld	-3(ix), h
	ld	l, -4(ix)
	ld	h, -3(ix)
	ld	a, h
	or	a, l
	jp	nz, __xcc_L0
	jp	__xcc_L2
__xcc_L0:
	ld	hl, #_add
	ld	-6(ix), l
	ld	-5(ix), h
	ld	l, -6(ix)
	ld	h, -5(ix)
	ex	de, hl
	jp	__pick_end
	jp	__xcc_L2
__xcc_L2:
	ld	l, -2(ix)
	ld	h, -1(ix)
	push	hl
	ld	hl, #1
	pop	de
	or	a, a
	sbc	hl, de
	ld	hl, #1
	jp	z, __cmp_e_30886
	dec	hl
__cmp_e_30886:
	ld	-8(ix), l
	ld	-7(ix), h
	ld	l, -8(ix)
	ld	h, -7(ix)
	ld	a, h
	or	a, l
	jp	nz, __xcc_L3
	jp	__xcc_L5
__xcc_L3:
	ld	hl, #_sub
	ld	-10(ix), l
	ld	-9(ix), h
	ld	l, -10(ix)
	ld	h, -9(ix)
	ex	de, hl
	jp	__pick_end
	jp	__xcc_L5
__xcc_L5:
	ld	hl, #_mul
	ld	-12(ix), l
	ld	-11(ix), h
	ld	l, -12(ix)
	ld	h, -11(ix)
	ex	de, hl
	jp	__pick_end
__pick_end:
	; epilogue: pick
	ld	sp, ix
	pop	ix
	ret
	.globl _main
_main:
	; sdcccall(1) prologue: main (locals=4, temp_frame=52, stack_params=0)
	push	ix
	ld	ix, #0
	add	ix, sp
	ld	hl, #-56
	add	hl, sp
	ld	sp, hl
	ld	hl, #_add
	ld	-2(ix), l
	ld	-1(ix), h
	ld	de, #4
	ld	hl, #3
	.globl __sdcc_call_bc
	push	de
	push	hl
	push	af
	ld	l, -2(ix)
	ld	h, -1(ix)
	ld	b, h
	ld	c, l
	pop	af
	pop	hl
	pop	de
	call	__sdcc_call_bc
	push	de
	pop	hl
	ld	-6(ix), l
	ld	-5(ix), h
	ld	l, -6(ix)
	ld	h, -5(ix)
	push	hl
	ld	hl, #7
	pop	de
	or	a, a
	sbc	hl, de
	ld	hl, #1
	jp	nz, __cmp_e_92777
	dec	hl
__cmp_e_92777:
	ld	-8(ix), l
	ld	-7(ix), h
	ld	l, -8(ix)
	ld	h, -7(ix)
	ld	a, h
	or	a, l
	jp	nz, __xcc_L6
	jp	__xcc_L8
__xcc_L6:
	ld	hl, #0
	ld	-10(ix), l
	ld	-9(ix), h
	ld	l, -10(ix)
	ld	h, -9(ix)
	ex	de, hl
	jp	__main_end
	jp	__xcc_L8
__xcc_L8:
	ld	hl, #_sub
	ld	-12(ix), l
	ld	-11(ix), h
	ld	l, -12(ix)
	ld	h, -11(ix)
	ld	-2(ix), l
	ld	-1(ix), h
	ld	de, #3
	ld	hl, #10
	.globl __sdcc_call_bc
	push	de
	push	hl
	push	af
	ld	l, -2(ix)
	ld	h, -1(ix)
	ld	b, h
	ld	c, l
	pop	af
	pop	hl
	pop	de
	call	__sdcc_call_bc
	push	de
	pop	hl
	ld	-14(ix), l
	ld	-13(ix), h
	ld	l, -14(ix)
	ld	h, -13(ix)
	push	hl
	ld	hl, #7
	pop	de
	or	a, a
	sbc	hl, de
	ld	hl, #1
	jp	nz, __cmp_e_36915
	dec	hl
__cmp_e_36915:
	ld	-16(ix), l
	ld	-15(ix), h
	ld	l, -16(ix)
	ld	h, -15(ix)
	ld	a, h
	or	a, l
	jp	nz, __xcc_L9
	jp	__xcc_L11
__xcc_L9:
	ld	hl, #0
	ld	-18(ix), l
	ld	-17(ix), h
	ld	l, -18(ix)
	ld	h, -17(ix)
	ex	de, hl
	jp	__main_end
	jp	__xcc_L11
__xcc_L11:
	ld	hl, #4
	push	hl
	ld	de, #3
	ld	hl, #_mul
	.globl _apply
	call	_apply
	push	de
	pop	hl
	ld	-20(ix), l
	ld	-19(ix), h
	ld	l, -20(ix)
	ld	h, -19(ix)
	push	hl
	ld	hl, #12
	pop	de
	or	a, a
	sbc	hl, de
	ld	hl, #1
	jp	nz, __cmp_e_47793
	dec	hl
__cmp_e_47793:
	ld	-22(ix), l
	ld	-21(ix), h
	ld	l, -22(ix)
	ld	h, -21(ix)
	ld	a, h
	or	a, l
	jp	nz, __xcc_L12
	jp	__xcc_L14
__xcc_L12:
	ld	hl, #0
	ld	-24(ix), l
	ld	-23(ix), h
	ld	l, -24(ix)
	ld	h, -23(ix)
	ex	de, hl
	jp	__main_end
	jp	__xcc_L14
__xcc_L14:
	ld	hl, #6
	push	hl
	ld	de, #5
	ld	hl, #_add
	.globl _apply
	call	_apply
	push	de
	pop	hl
	ld	-26(ix), l
	ld	-25(ix), h
	ld	l, -26(ix)
	ld	h, -25(ix)
	push	hl
	ld	hl, #11
	pop	de
	or	a, a
	sbc	hl, de
	ld	hl, #1
	jp	nz, __cmp_e_38335
	dec	hl
__cmp_e_38335:
	ld	-28(ix), l
	ld	-27(ix), h
	ld	l, -28(ix)
	ld	h, -27(ix)
	ld	a, h
	or	a, l
	jp	nz, __xcc_L15
	jp	__xcc_L17
__xcc_L15:
	ld	hl, #0
	ld	-30(ix), l
	ld	-29(ix), h
	ld	l, -30(ix)
	ld	h, -29(ix)
	ex	de, hl
	jp	__main_end
	jp	__xcc_L17
__xcc_L17:
	ld	hl, #0
	.globl _pick
	call	_pick
	push	de
	pop	hl
	ld	-32(ix), l
	ld	-31(ix), h
	ld	l, -32(ix)
	ld	h, -31(ix)
	ld	-4(ix), l
	ld	-3(ix), h
	ld	de, #3
	ld	hl, #2
	.globl __sdcc_call_bc
	push	de
	push	hl
	push	af
	ld	l, -4(ix)
	ld	h, -3(ix)
	ld	b, h
	ld	c, l
	pop	af
	pop	hl
	pop	de
	call	__sdcc_call_bc
	push	de
	pop	hl
	ld	-34(ix), l
	ld	-33(ix), h
	ld	l, -34(ix)
	ld	h, -33(ix)
	push	hl
	ld	hl, #5
	pop	de
	or	a, a
	sbc	hl, de
	ld	hl, #1
	jp	nz, __cmp_e_85386
	dec	hl
__cmp_e_85386:
	ld	-36(ix), l
	ld	-35(ix), h
	ld	l, -36(ix)
	ld	h, -35(ix)
	ld	a, h
	or	a, l
	jp	nz, __xcc_L18
	jp	__xcc_L20
__xcc_L18:
	ld	hl, #0
	ld	-38(ix), l
	ld	-37(ix), h
	ld	l, -38(ix)
	ld	h, -37(ix)
	ex	de, hl
	jp	__main_end
	jp	__xcc_L20
__xcc_L20:
	ld	hl, #1
	.globl _pick
	call	_pick
	push	de
	pop	hl
	ld	-40(ix), l
	ld	-39(ix), h
	ld	l, -40(ix)
	ld	h, -39(ix)
	ld	-4(ix), l
	ld	-3(ix), h
	ld	de, #4
	ld	hl, #9
	.globl __sdcc_call_bc
	push	de
	push	hl
	push	af
	ld	l, -4(ix)
	ld	h, -3(ix)
	ld	b, h
	ld	c, l
	pop	af
	pop	hl
	pop	de
	call	__sdcc_call_bc
	push	de
	pop	hl
	ld	-42(ix), l
	ld	-41(ix), h
	ld	l, -42(ix)
	ld	h, -41(ix)
	push	hl
	ld	hl, #5
	pop	de
	or	a, a
	sbc	hl, de
	ld	hl, #1
	jp	nz, __cmp_e_60492
	dec	hl
__cmp_e_60492:
	ld	-44(ix), l
	ld	-43(ix), h
	ld	l, -44(ix)
	ld	h, -43(ix)
	ld	a, h
	or	a, l
	jp	nz, __xcc_L21
	jp	__xcc_L23
__xcc_L21:
	ld	hl, #0
	ld	-46(ix), l
	ld	-45(ix), h
	ld	l, -46(ix)
	ld	h, -45(ix)
	ex	de, hl
	jp	__main_end
	jp	__xcc_L23
__xcc_L23:
	ld	hl, #2
	.globl _pick
	call	_pick
	push	de
	pop	hl
	ld	-48(ix), l
	ld	-47(ix), h
	ld	l, -48(ix)
	ld	h, -47(ix)
	ld	-4(ix), l
	ld	-3(ix), h
	ld	de, #4
	ld	hl, #3
	.globl __sdcc_call_bc
	push	de
	push	hl
	push	af
	ld	l, -4(ix)
	ld	h, -3(ix)
	ld	b, h
	ld	c, l
	pop	af
	pop	hl
	pop	de
	call	__sdcc_call_bc
	push	de
	pop	hl
	ld	-50(ix), l
	ld	-49(ix), h
	ld	l, -50(ix)
	ld	h, -49(ix)
	push	hl
	ld	hl, #12
	pop	de
	or	a, a
	sbc	hl, de
	ld	hl, #1
	jp	nz, __cmp_e_16649
	dec	hl
__cmp_e_16649:
	ld	-52(ix), l
	ld	-51(ix), h
	ld	l, -52(ix)
	ld	h, -51(ix)
	ld	a, h
	or	a, l
	jp	nz, __xcc_L24
	jp	__xcc_L26
__xcc_L24:
	ld	hl, #0
	ld	-54(ix), l
	ld	-53(ix), h
	ld	l, -54(ix)
	ld	h, -53(ix)
	ex	de, hl
	jp	__main_end
	jp	__xcc_L26
__xcc_L26:
	ld	hl, #1
	ld	-56(ix), l
	ld	-55(ix), h
	ld	l, -56(ix)
	ld	h, -55(ix)
	ex	de, hl
	jp	__main_end
__main_end:
	; epilogue: main
	ld	sp, ix
	pop	ix
	ret
