	.module xcc_output

	.area _DATA
	.globl _table
_table:
	.dw 10
	.dw 20
	.dw 30
	.dw 40


	.area _CODE

	.globl _main
_main:
	; prologue: main (locals=2)
	push	ix
	ld	ix, #0
	add	ix, sp
	ld	hl, #-2
	add	hl, sp
	ld	sp, hl
	ld	hl, #1
	ld	-2(ix), l
	ld	-1(ix), h
	.globl __mul16
	ld	hl, #2
	push	hl
	ld	hl, #0
	push	hl
	call	__mul16
	pop	bc
	pop	bc
	dec	sp
	dec	sp
	ld	-4(ix), l
	ld	-3(ix), h
	ld	hl, (_table)
	ld	e, -4(ix)
	ld	d, -3(ix)
	add	hl, de
	dec	sp
	dec	sp
	ld	-6(ix), l
	ld	-5(ix), h
	ld	l, -6(ix)
	ld	h, -5(ix)
	ld	e, (hl)
	inc	hl
	ld	d, (hl)
	ex	de, hl
	dec	sp
	dec	sp
	ld	-8(ix), l
	ld	-7(ix), h
	ld	l, -8(ix)
	ld	h, -7(ix)
	push	hl
	ld	hl, #10
	pop	de
	or	a, a
	sbc	hl, de
	jp	nz, __cmp_t_89383
	ld	hl, #0
	jp	__cmp_e_30886
__cmp_t_89383:
	ld	hl, #1
__cmp_e_30886:
	dec	sp
	dec	sp
	ld	-10(ix), l
	ld	-9(ix), h
	ld	l, -10(ix)
	ld	h, -9(ix)
	ld	a, h
	or	a, l
	jp	nz, __xcc_L0
	jp	__xcc_L2
__xcc_L0:
	ld	hl, #0
	ld	-2(ix), l
	ld	-1(ix), h
	jp	__xcc_L2
__xcc_L2:
	.globl __mul16
	ld	hl, #2
	push	hl
	ld	hl, #1
	push	hl
	call	__mul16
	pop	bc
	pop	bc
	dec	sp
	dec	sp
	ld	-12(ix), l
	ld	-11(ix), h
	ld	hl, (_table)
	ld	e, -12(ix)
	ld	d, -11(ix)
	add	hl, de
	dec	sp
	dec	sp
	ld	-14(ix), l
	ld	-13(ix), h
	ld	l, -14(ix)
	ld	h, -13(ix)
	ld	e, (hl)
	inc	hl
	ld	d, (hl)
	ex	de, hl
	dec	sp
	dec	sp
	ld	-16(ix), l
	ld	-15(ix), h
	ld	l, -16(ix)
	ld	h, -15(ix)
	push	hl
	ld	hl, #20
	pop	de
	or	a, a
	sbc	hl, de
	jp	nz, __cmp_t_92777
	ld	hl, #0
	jp	__cmp_e_36915
__cmp_t_92777:
	ld	hl, #1
__cmp_e_36915:
	dec	sp
	dec	sp
	ld	-18(ix), l
	ld	-17(ix), h
	ld	l, -18(ix)
	ld	h, -17(ix)
	ld	a, h
	or	a, l
	jp	nz, __xcc_L3
	jp	__xcc_L5
__xcc_L3:
	ld	hl, #0
	ld	-2(ix), l
	ld	-1(ix), h
	jp	__xcc_L5
__xcc_L5:
	.globl __mul16
	ld	hl, #2
	push	hl
	ld	hl, #2
	push	hl
	call	__mul16
	pop	bc
	pop	bc
	dec	sp
	dec	sp
	ld	-20(ix), l
	ld	-19(ix), h
	ld	hl, (_table)
	ld	e, -20(ix)
	ld	d, -19(ix)
	add	hl, de
	dec	sp
	dec	sp
	ld	-22(ix), l
	ld	-21(ix), h
	ld	l, -22(ix)
	ld	h, -21(ix)
	ld	e, (hl)
	inc	hl
	ld	d, (hl)
	ex	de, hl
	dec	sp
	dec	sp
	ld	-24(ix), l
	ld	-23(ix), h
	ld	l, -24(ix)
	ld	h, -23(ix)
	push	hl
	ld	hl, #30
	pop	de
	or	a, a
	sbc	hl, de
	jp	nz, __cmp_t_47793
	ld	hl, #0
	jp	__cmp_e_38335
__cmp_t_47793:
	ld	hl, #1
__cmp_e_38335:
	dec	sp
	dec	sp
	ld	-26(ix), l
	ld	-25(ix), h
	ld	l, -26(ix)
	ld	h, -25(ix)
	ld	a, h
	or	a, l
	jp	nz, __xcc_L6
	jp	__xcc_L8
__xcc_L6:
	ld	hl, #0
	ld	-2(ix), l
	ld	-1(ix), h
	jp	__xcc_L8
__xcc_L8:
	.globl __mul16
	ld	hl, #2
	push	hl
	ld	hl, #3
	push	hl
	call	__mul16
	pop	bc
	pop	bc
	dec	sp
	dec	sp
	ld	-28(ix), l
	ld	-27(ix), h
	ld	hl, (_table)
	ld	e, -28(ix)
	ld	d, -27(ix)
	add	hl, de
	dec	sp
	dec	sp
	ld	-30(ix), l
	ld	-29(ix), h
	ld	l, -30(ix)
	ld	h, -29(ix)
	ld	e, (hl)
	inc	hl
	ld	d, (hl)
	ex	de, hl
	dec	sp
	dec	sp
	ld	-32(ix), l
	ld	-31(ix), h
	ld	l, -32(ix)
	ld	h, -31(ix)
	push	hl
	ld	hl, #40
	pop	de
	or	a, a
	sbc	hl, de
	jp	nz, __cmp_t_85386
	ld	hl, #0
	jp	__cmp_e_60492
__cmp_t_85386:
	ld	hl, #1
__cmp_e_60492:
	dec	sp
	dec	sp
	ld	-34(ix), l
	ld	-33(ix), h
	ld	l, -34(ix)
	ld	h, -33(ix)
	ld	a, h
	or	a, l
	jp	nz, __xcc_L9
	jp	__xcc_L11
__xcc_L9:
	ld	hl, #0
	ld	-2(ix), l
	ld	-1(ix), h
	jp	__xcc_L11
__xcc_L11:
	ld	l, -2(ix)
	ld	h, -1(ix)
	jp	__main_end
__main_end:
	; epilogue: main
	ld	sp, ix
	pop	ix
	ret
