	.module xcc_output


	.area _CODE

	.globl _main
_main:
	; prologue: main (locals=18)
	push	ix
	ld	ix, #0
	add	ix, sp
	ld	hl, #-18
	add	hl, sp
	ld	sp, hl
	ld	hl, #34464
	ld	-4(ix), l
	ld	-3(ix), h
	ld	hl, #1
	ld	-2(ix), l
	ld	-1(ix), h
	ld	hl, #3392
	ld	-8(ix), l
	ld	-7(ix), h
	ld	hl, #3
	ld	-6(ix), l
	ld	-5(ix), h
	ld	l, -4(ix)
	ld	h, -3(ix)
	push	hl
	ld	l, -8(ix)
	ld	h, -7(ix)
	pop	de
	add	hl, de
	dec	sp
	dec	sp
	dec	sp
	dec	sp
	ld	-22(ix), l
	ld	-21(ix), h
	ld	l, -2(ix)
	ld	h, -1(ix)
	push	hl
	ld	l, -6(ix)
	ld	h, -5(ix)
	pop	de
	adc	hl, de
	ld	-20(ix), l
	ld	-19(ix), h
	ld	l, -22(ix)
	ld	h, -21(ix)
	ld	-12(ix), l
	ld	-11(ix), h
	ld	l, -20(ix)
	ld	h, -19(ix)
	ld	-10(ix), l
	ld	-9(ix), h
	ld	l, -8(ix)
	ld	h, -7(ix)
	push	hl
	ld	l, -4(ix)
	ld	h, -3(ix)
	pop	de
	ex	de, hl
	or	a, a
	sbc	hl, de
	dec	sp
	dec	sp
	dec	sp
	dec	sp
	ld	-26(ix), l
	ld	-25(ix), h
	ld	l, -6(ix)
	ld	h, -5(ix)
	push	hl
	ld	l, -2(ix)
	ld	h, -1(ix)
	pop	de
	ex	de, hl
	sbc	hl, de
	ld	-24(ix), l
	ld	-23(ix), h
	ld	l, -26(ix)
	ld	h, -25(ix)
	ld	-16(ix), l
	ld	-15(ix), h
	ld	l, -24(ix)
	ld	h, -23(ix)
	ld	-14(ix), l
	ld	-13(ix), h
	ld	hl, #1
	ld	-18(ix), l
	ld	-17(ix), h
	ld	l, -12(ix)
	ld	h, -11(ix)
	push	hl
	ld	hl, #300000
	pop	de
	or	a, a
	sbc	hl, de
	jp	nz, __cmp_t_89383
	ld	hl, #0
	jp	__cmp_e_30886
__cmp_t_89383:
	ld	hl, #1
__cmp_e_30886:
	dec	sp
	dec	sp
	ld	-28(ix), l
	ld	-27(ix), h
	ld	l, -28(ix)
	ld	h, -27(ix)
	ld	a, h
	or	a, l
	jp	nz, __xcc_L0
	jp	__xcc_L2
__xcc_L0:
	ld	hl, #0
	ld	-18(ix), l
	ld	-17(ix), h
	jp	__xcc_L2
__xcc_L2:
	ld	l, -16(ix)
	ld	h, -15(ix)
	push	hl
	ld	hl, #100000
	pop	de
	or	a, a
	sbc	hl, de
	jp	nz, __cmp_t_92777
	ld	hl, #0
	jp	__cmp_e_36915
__cmp_t_92777:
	ld	hl, #1
__cmp_e_36915:
	dec	sp
	dec	sp
	ld	-30(ix), l
	ld	-29(ix), h
	ld	l, -30(ix)
	ld	h, -29(ix)
	ld	a, h
	or	a, l
	jp	nz, __xcc_L3
	jp	__xcc_L5
__xcc_L3:
	ld	hl, #0
	ld	-18(ix), l
	ld	-17(ix), h
	jp	__xcc_L5
__xcc_L5:
	ld	l, -18(ix)
	ld	h, -17(ix)
	jp	__main_end
__main_end:
	; epilogue: main
	ld	sp, ix
	pop	ix
	ret
