	.module xcc_output


	.area _CODE

	.globl _main
_main:
	; sdcccall(1) prologue: main (locals=6, temp_frame=100, stack_params=0)
	push	ix
	ld	ix, #0
	add	ix, sp
	ld	hl, #-106
	add	hl, sp
	ld	sp, hl
	push	ix
	pop	hl
	ld	bc, #-6
	add	hl, bc
	ld	-8(ix), l
	ld	-7(ix), h
	ld	l, -8(ix)
	ld	h, -7(ix)
	ld	de, #1
	ld	(hl), e
	inc	hl
	ld	(hl), d
	push	ix
	pop	hl
	ld	bc, #-6
	add	hl, bc
	ld	-10(ix), l
	ld	-9(ix), h
	ld	l, -10(ix)
	ld	h, -9(ix)
	ld	de, #2
	add	hl, de
	ld	-12(ix), l
	ld	-11(ix), h
	ld	l, -12(ix)
	ld	h, -11(ix)
	ld	de, #2
	ld	(hl), e
	inc	hl
	ld	(hl), d
	push	ix
	pop	hl
	ld	bc, #-6
	add	hl, bc
	ld	-14(ix), l
	ld	-13(ix), h
	ld	l, -14(ix)
	ld	h, -13(ix)
	ld	de, #4
	add	hl, de
	ld	-16(ix), l
	ld	-15(ix), h
	ld	l, -16(ix)
	ld	h, -15(ix)
	ld	de, #3
	ld	(hl), e
	inc	hl
	ld	(hl), d
	push	ix
	pop	hl
	ld	bc, #-6
	add	hl, bc
	ld	-18(ix), l
	ld	-17(ix), h
	ld	l, -18(ix)
	ld	h, -17(ix)
	ld	e, (hl)
	inc	hl
	ld	d, (hl)
	ld	-20(ix), e
	ld	-19(ix), d
	ld	l, -20(ix)
	ld	h, -19(ix)
	push	hl
	ld	hl, #1
	pop	de
	or	a, a
	sbc	hl, de
	ld	hl, #1
	jp	nz, __cmp_e_89383
	dec	hl
__cmp_e_89383:
	ld	-22(ix), l
	ld	-21(ix), h
	ld	l, -22(ix)
	ld	h, -21(ix)
	ld	a, h
	or	a, l
	jp	nz, __xcc_L0
	jp	__xcc_L2
__xcc_L0:
	ld	hl, #0
	ld	-24(ix), l
	ld	-23(ix), h
	ld	l, -24(ix)
	ld	h, -23(ix)
	ex	de, hl
	jp	__main_end
	jp	__xcc_L2
__xcc_L2:
	push	ix
	pop	hl
	ld	bc, #-6
	add	hl, bc
	ld	-26(ix), l
	ld	-25(ix), h
	ld	l, -26(ix)
	ld	h, -25(ix)
	ld	de, #2
	add	hl, de
	ld	-28(ix), l
	ld	-27(ix), h
	ld	l, -28(ix)
	ld	h, -27(ix)
	ld	e, (hl)
	inc	hl
	ld	d, (hl)
	ld	-30(ix), e
	ld	-29(ix), d
	ld	l, -30(ix)
	ld	h, -29(ix)
	push	hl
	ld	hl, #2
	pop	de
	or	a, a
	sbc	hl, de
	ld	hl, #1
	jp	nz, __cmp_e_30886
	dec	hl
__cmp_e_30886:
	ld	-32(ix), l
	ld	-31(ix), h
	ld	l, -32(ix)
	ld	h, -31(ix)
	ld	a, h
	or	a, l
	jp	nz, __xcc_L3
	jp	__xcc_L5
__xcc_L3:
	ld	hl, #0
	ld	-34(ix), l
	ld	-33(ix), h
	ld	l, -34(ix)
	ld	h, -33(ix)
	ex	de, hl
	jp	__main_end
	jp	__xcc_L5
__xcc_L5:
	push	ix
	pop	hl
	ld	bc, #-6
	add	hl, bc
	ld	-36(ix), l
	ld	-35(ix), h
	ld	l, -36(ix)
	ld	h, -35(ix)
	ld	de, #4
	add	hl, de
	ld	-38(ix), l
	ld	-37(ix), h
	ld	l, -38(ix)
	ld	h, -37(ix)
	ld	e, (hl)
	inc	hl
	ld	d, (hl)
	ld	-40(ix), e
	ld	-39(ix), d
	ld	l, -40(ix)
	ld	h, -39(ix)
	push	hl
	ld	hl, #3
	pop	de
	or	a, a
	sbc	hl, de
	ld	hl, #1
	jp	nz, __cmp_e_92777
	dec	hl
__cmp_e_92777:
	ld	-42(ix), l
	ld	-41(ix), h
	ld	l, -42(ix)
	ld	h, -41(ix)
	ld	a, h
	or	a, l
	jp	nz, __xcc_L6
	jp	__xcc_L8
__xcc_L6:
	ld	hl, #0
	ld	-44(ix), l
	ld	-43(ix), h
	ld	l, -44(ix)
	ld	h, -43(ix)
	ex	de, hl
	jp	__main_end
	jp	__xcc_L8
__xcc_L8:
	push	ix
	pop	hl
	ld	bc, #-6
	add	hl, bc
	ld	-46(ix), l
	ld	-45(ix), h
	ld	l, -46(ix)
	ld	h, -45(ix)
	ld	e, (hl)
	inc	hl
	ld	d, (hl)
	ld	-52(ix), e
	ld	-51(ix), d
	push	ix
	pop	hl
	ld	bc, #-52
	add	hl, bc
	ld	-54(ix), l
	ld	-53(ix), h
	.globl __mul16
	ld	hl, #0
	push	hl
	ld	hl, #2
	pop	de
	call	__mul16
	ex	de, hl
	ld	-56(ix), l
	ld	-55(ix), h
	ld	l, -54(ix)
	ld	h, -53(ix)
	ld	e, -56(ix)
	ld	d, -55(ix)
	add	hl, de
	ld	-58(ix), l
	ld	-57(ix), h
	ld	l, -58(ix)
	ld	h, -57(ix)
	ld	e, (hl)
	inc	hl
	ld	d, (hl)
	ld	-60(ix), e
	ld	-59(ix), d
	ld	l, -60(ix)
	ld	h, -59(ix)
	push	hl
	ld	hl, #1
	pop	de
	or	a, a
	sbc	hl, de
	ld	hl, #1
	jp	nz, __cmp_e_36915
	dec	hl
__cmp_e_36915:
	ld	-62(ix), l
	ld	-61(ix), h
	ld	l, -62(ix)
	ld	h, -61(ix)
	ld	a, h
	or	a, l
	jp	nz, __xcc_L9
	jp	__xcc_L11
__xcc_L9:
	ld	hl, #0
	ld	-64(ix), l
	ld	-63(ix), h
	ld	l, -64(ix)
	ld	h, -63(ix)
	ex	de, hl
	jp	__main_end
	jp	__xcc_L11
__xcc_L11:
	push	ix
	pop	hl
	ld	bc, #-6
	add	hl, bc
	ld	-66(ix), l
	ld	-65(ix), h
	ld	l, -66(ix)
	ld	h, -65(ix)
	ld	e, (hl)
	inc	hl
	ld	d, (hl)
	ld	-72(ix), e
	ld	-71(ix), d
	push	ix
	pop	hl
	ld	bc, #-72
	add	hl, bc
	ld	-74(ix), l
	ld	-73(ix), h
	.globl __mul16
	ld	hl, #1
	push	hl
	ld	hl, #2
	pop	de
	call	__mul16
	ex	de, hl
	ld	-76(ix), l
	ld	-75(ix), h
	ld	l, -74(ix)
	ld	h, -73(ix)
	ld	e, -76(ix)
	ld	d, -75(ix)
	add	hl, de
	ld	-78(ix), l
	ld	-77(ix), h
	ld	l, -78(ix)
	ld	h, -77(ix)
	ld	e, (hl)
	inc	hl
	ld	d, (hl)
	ld	-80(ix), e
	ld	-79(ix), d
	ld	l, -80(ix)
	ld	h, -79(ix)
	push	hl
	ld	hl, #2
	pop	de
	or	a, a
	sbc	hl, de
	ld	hl, #1
	jp	nz, __cmp_e_47793
	dec	hl
__cmp_e_47793:
	ld	-82(ix), l
	ld	-81(ix), h
	ld	l, -82(ix)
	ld	h, -81(ix)
	ld	a, h
	or	a, l
	jp	nz, __xcc_L12
	jp	__xcc_L14
__xcc_L12:
	ld	hl, #0
	ld	-84(ix), l
	ld	-83(ix), h
	ld	l, -84(ix)
	ld	h, -83(ix)
	ex	de, hl
	jp	__main_end
	jp	__xcc_L14
__xcc_L14:
	push	ix
	pop	hl
	ld	bc, #-6
	add	hl, bc
	ld	-86(ix), l
	ld	-85(ix), h
	ld	l, -86(ix)
	ld	h, -85(ix)
	ld	e, (hl)
	inc	hl
	ld	d, (hl)
	ld	-92(ix), e
	ld	-91(ix), d
	push	ix
	pop	hl
	ld	bc, #-92
	add	hl, bc
	ld	-94(ix), l
	ld	-93(ix), h
	.globl __mul16
	ld	hl, #2
	push	hl
	ld	hl, #2
	pop	de
	call	__mul16
	ex	de, hl
	ld	-96(ix), l
	ld	-95(ix), h
	ld	l, -94(ix)
	ld	h, -93(ix)
	ld	e, -96(ix)
	ld	d, -95(ix)
	add	hl, de
	ld	-98(ix), l
	ld	-97(ix), h
	ld	l, -98(ix)
	ld	h, -97(ix)
	ld	e, (hl)
	inc	hl
	ld	d, (hl)
	ld	-100(ix), e
	ld	-99(ix), d
	ld	l, -100(ix)
	ld	h, -99(ix)
	push	hl
	ld	hl, #3
	pop	de
	or	a, a
	sbc	hl, de
	ld	hl, #1
	jp	nz, __cmp_e_38335
	dec	hl
__cmp_e_38335:
	ld	-102(ix), l
	ld	-101(ix), h
	ld	l, -102(ix)
	ld	h, -101(ix)
	ld	a, h
	or	a, l
	jp	nz, __xcc_L15
	jp	__xcc_L17
__xcc_L15:
	ld	hl, #0
	ld	-104(ix), l
	ld	-103(ix), h
	ld	l, -104(ix)
	ld	h, -103(ix)
	ex	de, hl
	jp	__main_end
	jp	__xcc_L17
__xcc_L17:
	ld	hl, #1
	ld	-106(ix), l
	ld	-105(ix), h
	ld	l, -106(ix)
	ld	h, -105(ix)
	ex	de, hl
	jp	__main_end
__main_end:
	; epilogue: main
	ld	sp, ix
	pop	ix
	ret
