	.module xcc_output


	.area _CODE

	.globl _sum_vla
_sum_vla:
	; sdcccall(1) prologue: sum_vla (locals=10, temp_frame=28, stack_params=0)
	push	ix
	ld	ix, #0
	add	ix, sp
	ld	-10(ix), l
	ld	-9(ix), h
	ld	hl, #-38
	add	hl, sp
	ld	sp, hl
	; receive (sdcccall1) param n at -10(ix)
	.globl __mul16
	ld	l, -10(ix)
	ld	h, -9(ix)
	push	hl
	ld	hl, #2
	pop	de
	call	__mul16
	ex	de, hl
	ld	-12(ix), l
	ld	-11(ix), h
	ld	l, -12(ix)
	ld	h, -11(ix)
	ld	-2(ix), l
	ld	-1(ix), h
	ld	l, -12(ix)
	ld	h, -11(ix)
	ex	de, hl
	ld	hl, #0
	add	hl, sp
	or	a, a
	sbc	hl, de
	ld	sp, hl
	ld	-14(ix), l
	ld	-13(ix), h
	ld	l, -14(ix)
	ld	h, -13(ix)
	ld	-4(ix), l
	ld	-3(ix), h
	ld	hl, #0
	ld	-6(ix), l
	ld	-5(ix), h
__xcc_L0:
	ld	l, -6(ix)
	ld	h, -5(ix)
	push	hl
	ld	l, -10(ix)
	ld	h, -9(ix)
	pop	de
	ex	de, hl
	or	a, a
	sbc	hl, de
	ld	hl, #1
	jp	m, __cmp_e_89383
	dec	hl
__cmp_e_89383:
	ld	-16(ix), l
	ld	-15(ix), h
	ld	l, -16(ix)
	ld	h, -15(ix)
	ld	a, h
	or	a, l
	jp	nz, __xcc_L1
	jp	__xcc_L3
__xcc_L1:
	ld	l, -6(ix)
	ld	h, -5(ix)
	inc	hl
	ld	-18(ix), l
	ld	-17(ix), h
	.globl __mul16
	ld	l, -6(ix)
	ld	h, -5(ix)
	push	hl
	ld	hl, #2
	pop	de
	call	__mul16
	ex	de, hl
	ld	-20(ix), l
	ld	-19(ix), h
	ld	l, -4(ix)
	ld	h, -3(ix)
	push	hl
	ld	e, -20(ix)
	ld	d, -19(ix)
	pop	hl
	add	hl, de
	ld	-22(ix), l
	ld	-21(ix), h
	ld	l, -22(ix)
	ld	h, -21(ix)
	push	hl
	ld	e, -18(ix)
	ld	d, -17(ix)
	pop	hl
	ld	(hl), e
	inc	hl
	ld	(hl), d
__xcc_L2:
	ld	l, -6(ix)
	ld	h, -5(ix)
	inc	hl
	ld	-24(ix), l
	ld	-23(ix), h
	ld	l, -24(ix)
	ld	h, -23(ix)
	ld	-6(ix), l
	ld	-5(ix), h
	jp	__xcc_L0
__xcc_L3:
	ld	hl, #0
	ld	-8(ix), l
	ld	-7(ix), h
	ld	hl, #0
	ld	-6(ix), l
	ld	-5(ix), h
__xcc_L4:
	ld	l, -6(ix)
	ld	h, -5(ix)
	push	hl
	ld	l, -10(ix)
	ld	h, -9(ix)
	pop	de
	ex	de, hl
	or	a, a
	sbc	hl, de
	ld	hl, #1
	jp	m, __cmp_e_30886
	dec	hl
__cmp_e_30886:
	ld	-26(ix), l
	ld	-25(ix), h
	ld	l, -26(ix)
	ld	h, -25(ix)
	ld	a, h
	or	a, l
	jp	nz, __xcc_L5
	jp	__xcc_L7
__xcc_L5:
	.globl __mul16
	ld	l, -6(ix)
	ld	h, -5(ix)
	push	hl
	ld	hl, #2
	pop	de
	call	__mul16
	ex	de, hl
	ld	-28(ix), l
	ld	-27(ix), h
	ld	l, -4(ix)
	ld	h, -3(ix)
	push	hl
	ld	e, -28(ix)
	ld	d, -27(ix)
	pop	hl
	add	hl, de
	ld	-30(ix), l
	ld	-29(ix), h
	ld	l, -30(ix)
	ld	h, -29(ix)
	ld	e, (hl)
	inc	hl
	ld	d, (hl)
	ld	-32(ix), e
	ld	-31(ix), d
	ld	l, -8(ix)
	ld	h, -7(ix)
	push	hl
	ld	e, -32(ix)
	ld	d, -31(ix)
	pop	hl
	add	hl, de
	ld	-34(ix), l
	ld	-33(ix), h
	ld	l, -34(ix)
	ld	h, -33(ix)
	ld	-8(ix), l
	ld	-7(ix), h
__xcc_L6:
	ld	l, -6(ix)
	ld	h, -5(ix)
	inc	hl
	ld	-36(ix), l
	ld	-35(ix), h
	ld	l, -36(ix)
	ld	h, -35(ix)
	ld	-6(ix), l
	ld	-5(ix), h
	jp	__xcc_L4
__xcc_L7:
	ld	l, -8(ix)
	ld	h, -7(ix)
	ld	-38(ix), l
	ld	-37(ix), h
	ld	l, -38(ix)
	ld	h, -37(ix)
	ex	de, hl
	jp	__sum_vla_end
__sum_vla_end:
	; epilogue: sum_vla
	ld	sp, ix
	pop	ix
	ret
	.globl _main
_main:
	; sdcccall(1) prologue: main (locals=0, temp_frame=0, stack_params=0)
	push	ix
	ld	ix, #0
	add	ix, sp
	ld	hl, #4
	.globl _sum_vla
	call	_sum_vla
	push	de
	pop	hl
	dec	sp
	dec	sp
	ld	-2(ix), l
	ld	-1(ix), h
	ld	l, -2(ix)
	ld	h, -1(ix)
	push	hl
	ld	hl, #10
	pop	de
	or	a, a
	sbc	hl, de
	ld	hl, #1
	jp	nz, __cmp_e_92777
	dec	hl
__cmp_e_92777:
	dec	sp
	dec	sp
	ld	-4(ix), l
	ld	-3(ix), h
	ld	l, -4(ix)
	ld	h, -3(ix)
	ld	a, h
	or	a, l
	jp	nz, __xcc_L8
	jp	__xcc_L10
__xcc_L8:
	ld	hl, #0
	dec	sp
	dec	sp
	ld	-6(ix), l
	ld	-5(ix), h
	ld	l, -6(ix)
	ld	h, -5(ix)
	ex	de, hl
	jp	__main_end
	jp	__xcc_L10
__xcc_L10:
	ld	hl, #1
	.globl _sum_vla
	call	_sum_vla
	push	de
	pop	hl
	dec	sp
	dec	sp
	ld	-8(ix), l
	ld	-7(ix), h
	ld	l, -8(ix)
	ld	h, -7(ix)
	push	hl
	ld	hl, #1
	pop	de
	or	a, a
	sbc	hl, de
	ld	hl, #1
	jp	nz, __cmp_e_36915
	dec	hl
__cmp_e_36915:
	dec	sp
	dec	sp
	ld	-10(ix), l
	ld	-9(ix), h
	ld	l, -10(ix)
	ld	h, -9(ix)
	ld	a, h
	or	a, l
	jp	nz, __xcc_L11
	jp	__xcc_L13
__xcc_L11:
	ld	hl, #0
	dec	sp
	dec	sp
	ld	-12(ix), l
	ld	-11(ix), h
	ld	l, -12(ix)
	ld	h, -11(ix)
	ex	de, hl
	jp	__main_end
	jp	__xcc_L13
__xcc_L13:
	ld	hl, #1
	dec	sp
	dec	sp
	ld	-14(ix), l
	ld	-13(ix), h
	ld	l, -14(ix)
	ld	h, -13(ix)
	ex	de, hl
	jp	__main_end
__main_end:
	; epilogue: main
	ld	sp, ix
	pop	ix
	ret
