	.module xcc_output


	.area _CODE

	.globl _test_goto_forward
_test_goto_forward:
	; sdcccall(1) prologue: test_goto_forward (locals=2, stack_params=0)
	push	ix
	ld	ix, #0
	add	ix, sp
	ld	-2(ix), l
	ld	-1(ix), h
	ld	hl, #-2
	add	hl, sp
	ld	sp, hl
	; receive (sdcccall1) param x at -2(ix)
	ld	l, -2(ix)
	ld	h, -1(ix)
	push	hl
	ld	hl, #5
	pop	de
	ex	de, hl
	or	a, a
	sbc	hl, de
	jp	z, __cmp_e_30886
	jp	p, __cmp_t_89383
	ld	hl, #0
	jp	__cmp_e_30886
__cmp_t_89383:
	ld	hl, #1
__cmp_e_30886:
	dec	sp
	dec	sp
	ld	-4(ix), l
	ld	-3(ix), h
	ld	l, -4(ix)
	ld	h, -3(ix)
	ld	a, h
	or	a, l
	jp	nz, __xcc_L0
	jp	__xcc_L2
__xcc_L0:
	jp	big
	jp	__xcc_L2
__xcc_L2:
	.globl __mul16
	ld	l, -2(ix)
	ld	h, -1(ix)
	push	hl
	ld	hl, #2
	pop	de
	call	__mul16
	push	de
	pop	hl
	dec	sp
	dec	sp
	ld	-6(ix), l
	ld	-5(ix), h
	ld	l, -6(ix)
	ld	h, -5(ix)
	ld	-2(ix), l
	ld	-1(ix), h
	jp	done
big:
	ld	l, -2(ix)
	ld	h, -1(ix)
	ld	de, #100
	add	hl, de
	dec	sp
	dec	sp
	ld	-8(ix), l
	ld	-7(ix), h
	ld	l, -8(ix)
	ld	h, -7(ix)
	ld	-2(ix), l
	ld	-1(ix), h
done:
	ld	l, -2(ix)
	ld	h, -1(ix)
	ex	de, hl
	jp	__test_goto_forward_end
__test_goto_forward_end:
	; epilogue: test_goto_forward
	ld	sp, ix
	pop	ix
	ret
	.globl _test_goto_loop
_test_goto_loop:
	; sdcccall(1) prologue: test_goto_loop (locals=6, stack_params=0)
	push	ix
	ld	ix, #0
	add	ix, sp
	ld	-6(ix), l
	ld	-5(ix), h
	ld	hl, #-6
	add	hl, sp
	ld	sp, hl
	; receive (sdcccall1) param n at -6(ix)
	ld	hl, #0
	ld	-2(ix), l
	ld	-1(ix), h
	ld	hl, #0
	ld	-4(ix), l
	ld	-3(ix), h
loop:
	ld	l, -2(ix)
	ld	h, -1(ix)
	push	hl
	ld	l, -6(ix)
	ld	h, -5(ix)
	pop	de
	ex	de, hl
	or	a, a
	sbc	hl, de
	jp	p, __cmp_t_92777
	ld	hl, #0
	jp	__cmp_e_36915
__cmp_t_92777:
	ld	hl, #1
__cmp_e_36915:
	dec	sp
	dec	sp
	ld	-8(ix), l
	ld	-7(ix), h
	ld	l, -8(ix)
	ld	h, -7(ix)
	ld	a, h
	or	a, l
	jp	nz, __xcc_L3
	jp	__xcc_L5
__xcc_L3:
	jp	end
	jp	__xcc_L5
__xcc_L5:
	ld	l, -4(ix)
	ld	h, -3(ix)
	ld	e, -2(ix)
	ld	d, -1(ix)
	add	hl, de
	dec	sp
	dec	sp
	ld	-10(ix), l
	ld	-9(ix), h
	ld	l, -10(ix)
	ld	h, -9(ix)
	ld	-4(ix), l
	ld	-3(ix), h
	ld	l, -2(ix)
	ld	h, -1(ix)
	inc	hl
	dec	sp
	dec	sp
	ld	-12(ix), l
	ld	-11(ix), h
	ld	l, -12(ix)
	ld	h, -11(ix)
	ld	-2(ix), l
	ld	-1(ix), h
	jp	loop
end:
	ld	l, -4(ix)
	ld	h, -3(ix)
	ex	de, hl
	jp	__test_goto_loop_end
__test_goto_loop_end:
	; epilogue: test_goto_loop
	ld	sp, ix
	pop	ix
	ret
