	.module xcc_output


	.area _CODE

	.globl _main
_main:
	; prologue: main (locals=6)
	push	ix
	ld	ix, #0
	add	ix, sp
	ld	hl, #-6
	add	hl, sp
	ld	sp, hl
	ld	hl, #180
	ld	-2(ix), l
	ld	-1(ix), h
	ld	hl, #16960
	ld	-4(ix), l
	ld	-3(ix), h
	ld	hl, #15
	ld	-2(ix), l
	ld	-1(ix), h
	ld	l, -2(ix)
	ld	h, -1(ix)
	push	hl
	ld	hl, #240
	pop	de
	ld	a, l
	and	a, e
	ld	l, a
	ld	a, h
	and	a, d
	ld	h, a
	dec	sp
	dec	sp
	ld	-8(ix), l
	ld	-7(ix), h
	ld	l, -8(ix)
	ld	h, -7(ix)
	ld	-6(ix), l
	ld	-5(ix), h
	ld	l, -2(ix)
	ld	h, -1(ix)
	ld	e, -4(ix)
	ld	d, -3(ix)
	add	hl, de
	dec	sp
	dec	sp
	ld	-10(ix), l
	ld	-9(ix), h
	ld	l, -10(ix)
	ld	h, -9(ix)
	ld	e, -6(ix)
	ld	d, -5(ix)
	add	hl, de
	dec	sp
	dec	sp
	ld	-12(ix), l
	ld	-11(ix), h
	ld	l, -12(ix)
	ld	h, -11(ix)
	jp	__main_end
__main_end:
	; epilogue: main
	ld	sp, ix
	pop	ix
	ret
