	.module xcc_output

	.area _DATA
	.globl _small
_small:
	.ds 1
	.globl _port
_port:
	.dw 65535
	.globl _large
_large:
	.ds 4


	.area _CODE

	.globl _get_port
_get_port:
	; prologue: get_port (locals=0)
	push	ix
	ld	ix, #0
	add	ix, sp
	ld	hl, (_port)
	dec	sp
	dec	sp
	ld	-2(ix), l
	ld	-1(ix), h
	ld	l, -2(ix)
	ld	h, -1(ix)
	jp	__get_port_end
__get_port_end:
	; epilogue: get_port
	ld	sp, ix
	pop	ix
	ret
