	.module xcc_output


	.area _CODE

	.globl _scalar_zero
_scalar_zero:
	; prologue: scalar_zero (locals=2)
	push	ix
	ld	ix, #0
	add	ix, sp
	ld	hl, #-2
	add	hl, sp
	ld	sp, hl
	ld	hl, #0
	ld	-2(ix), l
	ld	-1(ix), h
	ld	l, -2(ix)
	ld	h, -1(ix)
	jp	__scalar_zero_end
__scalar_zero_end:
	; epilogue: scalar_zero
	ld	sp, ix
	pop	ix
	ret
	.globl _arr_zero
_arr_zero:
	; prologue: arr_zero (locals=6)
	push	ix
	ld	ix, #0
	add	ix, sp
	ld	hl, #-6
	add	hl, sp
	ld	sp, hl
	.globl __mul16
	ld	hl, #2
	push	hl
	ld	hl, #0
	push	hl
	call	__mul16
	pop	bc
	pop	bc
	dec	sp
	dec	sp
	ld	-8(ix), l
	ld	-7(ix), h
	ld	l, -6(ix)
	ld	h, -5(ix)
	ld	e, -8(ix)
	ld	d, -7(ix)
	add	hl, de
	dec	sp
	dec	sp
	ld	-10(ix), l
	ld	-9(ix), h
	ld	l, -10(ix)
	ld	h, -9(ix)
	ld	e, (hl)
	inc	hl
	ld	d, (hl)
	ex	de, hl
	dec	sp
	dec	sp
	ld	-12(ix), l
	ld	-11(ix), h
	.globl __mul16
	ld	hl, #2
	push	hl
	ld	hl, #1
	push	hl
	call	__mul16
	pop	bc
	pop	bc
	dec	sp
	dec	sp
	ld	-14(ix), l
	ld	-13(ix), h
	ld	l, -6(ix)
	ld	h, -5(ix)
	ld	e, -14(ix)
	ld	d, -13(ix)
	add	hl, de
	dec	sp
	dec	sp
	ld	-16(ix), l
	ld	-15(ix), h
	ld	l, -16(ix)
	ld	h, -15(ix)
	ld	e, (hl)
	inc	hl
	ld	d, (hl)
	ex	de, hl
	dec	sp
	dec	sp
	ld	-18(ix), l
	ld	-17(ix), h
	ld	l, -12(ix)
	ld	h, -11(ix)
	ld	e, -18(ix)
	ld	d, -17(ix)
	add	hl, de
	dec	sp
	dec	sp
	ld	-20(ix), l
	ld	-19(ix), h
	.globl __mul16
	ld	hl, #2
	push	hl
	ld	hl, #2
	push	hl
	call	__mul16
	pop	bc
	pop	bc
	dec	sp
	dec	sp
	ld	-22(ix), l
	ld	-21(ix), h
	ld	l, -6(ix)
	ld	h, -5(ix)
	ld	e, -22(ix)
	ld	d, -21(ix)
	add	hl, de
	dec	sp
	dec	sp
	ld	-24(ix), l
	ld	-23(ix), h
	ld	l, -24(ix)
	ld	h, -23(ix)
	ld	e, (hl)
	inc	hl
	ld	d, (hl)
	ex	de, hl
	dec	sp
	dec	sp
	ld	-26(ix), l
	ld	-25(ix), h
	ld	l, -20(ix)
	ld	h, -19(ix)
	ld	e, -26(ix)
	ld	d, -25(ix)
	add	hl, de
	dec	sp
	dec	sp
	ld	-28(ix), l
	ld	-27(ix), h
	ld	l, -28(ix)
	ld	h, -27(ix)
	jp	__arr_zero_end
__arr_zero_end:
	; epilogue: arr_zero
	ld	sp, ix
	pop	ix
	ret
