	.module xcc_output

	.area _CONST
__str_0:
	.db 104, 101, 108, 108, 111, 0

	.globl ___sclit0
	.globl ___sclit1


	.area _CODE

	.globl _get_table
_get_table:
	; sdcccall(1) prologue: get_table (locals=0, temp_frame=10, stack_params=0)
	push	ix
	ld	ix, #0
	add	ix, sp
	ld	hl, #-10
	add	hl, sp
	ld	sp, hl
	ld	hl, #___sclit0
	ld	-2(ix), l
	ld	-1(ix), h
	ld	l, -2(ix)
	ld	h, -1(ix)
	ld	de, #1
	ld	(hl), e
	inc	hl
	ld	(hl), d
	ld	a, #2
	ld	e, a
	ld	l, -2(ix)
	ld	h, -1(ix)
	ld	a, l
	add	a, e
	ld	l, a
	ld	a, h
	adc	a, #0
	ld	h, a
	ld	-4(ix), l
	ld	-3(ix), h
	ld	l, -4(ix)
	ld	h, -3(ix)
	ld	de, #2
	ld	(hl), e
	inc	hl
	ld	(hl), d
	ld	a, #4
	ld	e, a
	ld	l, -2(ix)
	ld	h, -1(ix)
	ld	a, l
	add	a, e
	ld	l, a
	ld	a, h
	adc	a, #0
	ld	h, a
	ld	-6(ix), l
	ld	-5(ix), h
	ld	l, -6(ix)
	ld	h, -5(ix)
	ld	de, #3
	ld	(hl), e
	inc	hl
	ld	(hl), d
	ld	a, #6
	ld	e, a
	ld	l, -2(ix)
	ld	h, -1(ix)
	ld	a, l
	add	a, e
	ld	l, a
	ld	a, h
	adc	a, #0
	ld	h, a
	ld	-8(ix), l
	ld	-7(ix), h
	ld	l, -8(ix)
	ld	h, -7(ix)
	ld	de, #4
	ld	(hl), e
	inc	hl
	ld	(hl), d
	ld	hl, (___sclit0)
	ld	-10(ix), l
	ld	-9(ix), h
	ld	l, -10(ix)
	ld	h, -9(ix)
	ex	de, hl
	jp	__get_table_end
__get_table_end:
	; epilogue: get_table
	ld	sp, ix
	pop	ix
	ret
	.globl _get_msg
_get_msg:
	; sdcccall(1) prologue: get_msg (locals=0, temp_frame=6, stack_params=0)
	push	ix
	ld	ix, #0
	add	ix, sp
	ld	hl, #-6
	add	hl, sp
	ld	sp, hl
	ld	hl, #___sclit1
	ld	-2(ix), l
	ld	-1(ix), h
	ld	hl, #__str_0
	ld	-4(ix), l
	ld	-3(ix), h
	ld	l, -2(ix)
	ld	h, -1(ix)
	ld	e, -4(ix)
	ld	d, -3(ix)
	ld	(hl), e
	inc	hl
	ld	(hl), d
	ld	hl, (___sclit1)
	ld	-6(ix), l
	ld	-5(ix), h
	ld	l, -6(ix)
	ld	h, -5(ix)
	ex	de, hl
	jp	__get_msg_end
__get_msg_end:
	; epilogue: get_msg
	ld	sp, ix
	pop	ix
	ret
