==> /src/x
make[1]: Entering directory '/src/x'
make[2]: Entering directory '/src/x/lib'
make -C xbfd \
	ROOT=/src/x \
	BUILD_DIR=/src/build-mingw \
	DIST_DIR=/src/bin-mingw/x \
	PUBLIC_LIB_DIR=/src/bin-mingw/x/lib
make[3]: Entering directory '/src/x/lib/xbfd'
make[3]: Nothing to be done for 'all'.
make[3]: Leaving directory '/src/x/lib/xbfd'
make -C xopt \
	ROOT=/src/x \
	BUILD_DIR=/src/build-mingw \
	DIST_DIR=/src/bin-mingw/x \
	PUBLIC_LIB_DIR=/src/bin-mingw/x/lib
make[3]: Entering directory '/src/x/lib/xopt'
make[3]: Nothing to be done for 'all'.
make[3]: Leaving directory '/src/x/lib/xopt'
make -C xz80 \
	ROOT=/src/x \
	BUILD_DIR=/src/build-mingw \
	DIST_DIR=/src/bin-mingw/x \
	PUBLIC_LIB_DIR=/src/bin-mingw/x/lib
make[3]: Entering directory '/src/x/lib/xz80'
ar rcs /src/bin-mingw/x/lib/libxz80.a /src/build-mingw/lib/xz80/cpu.o /src/build-mingw/lib/xz80/disassembler.o /src/build-mingw/lib/xz80/formatter.o /src/build-mingw/lib/xz80/memory.o
make[3]: Leaving directory '/src/x/lib/xz80'
make -C rsp \
	ROOT=/src/x \
	BUILD_DIR=/src/build-mingw \
	DIST_DIR=/src/bin-mingw/x \
	PUBLIC_LIB_DIR=/src/bin-mingw/x/lib
make[3]: Entering directory '/src/x/lib/rsp'
ar rcs /src/bin-mingw/x/lib/librsp.a /src/build-mingw/lib/rsp/rsp.o
make[3]: Leaving directory '/src/x/lib/rsp'
make -C xgdb \
	ROOT=/src/x \
	BUILD_DIR=/src/build-mingw \
	DIST_DIR=/src/bin-mingw/x \
	PUBLIC_LIB_DIR=/src/bin-mingw/x/lib
make[3]: Entering directory '/src/x/lib/xgdb'
ar rcs /src/bin-mingw/x/lib/libxgdb.a /src/build-mingw/lib/xgdb/disassembler.o
make[3]: Leaving directory '/src/x/lib/xgdb'
make -C xemu \
	ROOT=/src/x \
	BUILD_DIR=/src/build-mingw \
	DIST_DIR=/src/bin-mingw/x \
	PUBLIC_LIB_DIR=/src/bin-mingw/x/lib
make[3]: Entering directory '/src/x/lib/xemu'
ar rcs /src/bin-mingw/x/lib/libxemu.a /src/build-mingw/lib/xemu/xemu.o
make[3]: Leaving directory '/src/x/lib/xemu'
make[2]: Leaving directory '/src/x/lib'
make[2]: Entering directory '/src/x/src'
make -C xld \
	ROOT=/src/x \
	BUILD_DIR=/src/build-mingw \
	DIST_DIR=/src/bin-mingw/x \
	HOST_BIN_DIR=/src/bin-mingw/x/bin \
	PUBLIC_LIB_DIR=/src/bin-mingw/x/lib \
	DEFAULT_PLATFORM=none
make[3]: Entering directory '/src/x/src/xld'
make -C /src/x/lib/xbfd
make[4]: Entering directory '/src/x/lib/xbfd'
make[4]: Nothing to be done for 'all'.
make[4]: Leaving directory '/src/x/lib/xbfd'
make[3]: Leaving directory '/src/x/src/xld'
make -C xgdb \
	ROOT=/src/x \
	BUILD_DIR=/src/build-mingw \
	DIST_DIR=/src/bin-mingw/x \
	HOST_BIN_DIR=/src/bin-mingw/x/bin \
	PUBLIC_LIB_DIR=/src/bin-mingw/x/lib \
	DEFAULT_PLATFORM=none
make[3]: Entering directory '/src/x/src/xgdb'
make -C /src/x/lib/xz80 all ROOT=/src/x BUILD_DIR=/src/build-mingw DIST_DIR=/src/bin-mingw/x PUBLIC_LIB_DIR=/src/bin-mingw/x/lib
make[4]: Entering directory '/src/x/lib/xz80'
ar rcs /src/bin-mingw/x/lib/libxz80.a /src/build-mingw/lib/xz80/cpu.o /src/build-mingw/lib/xz80/disassembler.o /src/build-mingw/lib/xz80/formatter.o /src/build-mingw/lib/xz80/memory.o
make[4]: Leaving directory '/src/x/lib/xz80'
make -C /src/x/lib/xbfd all ROOT=/src/x BUILD_DIR=/src/build-mingw DIST_DIR=/src/bin-mingw/x PUBLIC_LIB_DIR=/src/bin-mingw/x/lib
make[4]: Entering directory '/src/x/lib/xbfd'
make[4]: Nothing to be done for 'all'.
make[4]: Leaving directory '/src/x/lib/xbfd'
make -C /src/x/lib/xgdb all ROOT=/src/x BUILD_DIR=/src/build-mingw DIST_DIR=/src/bin-mingw/x PUBLIC_LIB_DIR=/src/bin-mingw/x/lib
make[4]: Entering directory '/src/x/lib/xgdb'
ar rcs /src/bin-mingw/x/lib/libxgdb.a /src/build-mingw/lib/xgdb/disassembler.o
make[4]: Leaving directory '/src/x/lib/xgdb'
make -C /src/x/lib/rsp all ROOT=/src/x BUILD_DIR=/src/build-mingw DIST_DIR=/src/bin-mingw/x PUBLIC_LIB_DIR=/src/bin-mingw/x/lib
make[4]: Entering directory '/src/x/lib/rsp'
ar rcs /src/bin-mingw/x/lib/librsp.a /src/build-mingw/lib/rsp/rsp.o
make[4]: Leaving directory '/src/x/lib/rsp'
make /src/bin-mingw/x/lib/libxgdb_cli.a /src/bin-mingw/x/lib/libxgdb_mi.a
make[4]: Entering directory '/src/x/src/xgdb'
ar rcs /src/bin-mingw/x/lib/libxgdb_cli.a /src/build-mingw/xc/xgdb/frontends.o
ar rcs /src/bin-mingw/x/lib/libxgdb_mi.a /src/build-mingw/xc/xgdb/mi_frontend.o
make[4]: Leaving directory '/src/x/src/xgdb'
x86_64-w64-mingw32-g++ -static -static-libstdc++ -static-libgcc -std=c++20 -g -DXTOOLS_VERSION=\"0.1.0\" -pthread -I/src/x/lib/xgdb/include -I/src/x/lib/rsp/include -I/src/x/lib/xbfd/include -I/src/x/lib/xz80/include src/debugger.cpp src/debugger_session.cpp src/main.cpp \
	/src/bin-mingw/x/lib/libxgdb_cli.a \
	/src/bin-mingw/x/lib/libxgdb_mi.a \
	/src/bin-mingw/x/lib/libxgdb.a \
	/src/bin-mingw/x/lib/librsp.a \
	/src/bin-mingw/x/lib/libxbfd.a \
	/src/bin-mingw/x/lib/libxz80.a \
	-lws2_32 \
	-o /src/bin-mingw/x/bin/xgdb
make[3]: Leaving directory '/src/x/src/xgdb'
make -C xemu \
	ROOT=/src/x \
	BUILD_DIR=/src/build-mingw \
	DIST_DIR=/src/bin-mingw/x \
	HOST_BIN_DIR=/src/bin-mingw/x/bin \
	PUBLIC_LIB_DIR=/src/bin-mingw/x/lib \
	DEFAULT_PLATFORM=none
make[3]: Entering directory '/src/x/src/xemu'
make[3]: Nothing to be done for 'all'.
make[3]: Leaving directory '/src/x/src/xemu'
make -C xcc \
	ROOT=/src/x \
	BUILD_DIR=/src/build-mingw \
	DIST_DIR=/src/bin-mingw/x \
	HOST_BIN_DIR=/src/bin-mingw/x/bin \
	PUBLIC_LIB_DIR=/src/bin-mingw/x/lib \
	DEFAULT_PLATFORM=none
make[3]: Entering directory '/src/x/src/xcc'
x86_64-w64-mingw32-g++ -static -static-libstdc++ -static-libgcc -std=c++17 -Wall -Wextra -Wpedantic -I include -I src  -I/src/x/platforms/include -I/src/x/lib/xbfd/include -I/src/x/lib/xopt/include -DXCC_VERSION=\"0.1.0\" -g3 -O0 -DDEBUG  -o /src/bin-mingw/x/bin/xcc /src/build-mingw/xc/xcc/obj/frontend/diag.o /src/build-mingw/xc/xcc/obj/frontend/preproc.o /src/build-mingw/xc/xcc/obj/frontend/lexer.o /src/build-mingw/xc/xcc/obj/frontend/types.o /src/build-mingw/xc/xcc/obj/frontend/symtab.o /src/build-mingw/xc/xcc/obj/frontend/const_eval.o /src/build-mingw/xc/xcc/obj/frontend/parser.o /src/build-mingw/xc/xcc/obj/frontend/parser_declspec.o /src/build-mingw/xc/xcc/obj/frontend/parser_declarator.o /src/build-mingw/xc/xcc/obj/frontend/parser_stmt.o /src/build-mingw/xc/xcc/obj/frontend/parser_init.o /src/build-mingw/xc/xcc/obj/frontend/parser_expr.o /src/build-mingw/xc/xcc/obj/frontend/sema.o /src/build-mingw/xc/xcc/obj/ir/icode.o /src/build-mingw/xc/xcc/obj/opt/iromod.o /src/build-mingw/xc/xcc/obj/opt/iropt.o /src/build-mingw/xc/xcc/obj/ir/irgen.o /src/build-mingw/xc/xcc/obj/ir/irgen_decl.o /src/build-mingw/xc/xcc/obj/ir/irgen_stmt.o /src/build-mingw/xc/xcc/obj/ir/irgen_expr.o /src/build-mingw/xc/xcc/obj/ir/irgen_lvalue.o /src/build-mingw/xc/xcc/obj/ir/irgen_init.o /src/build-mingw/xc/xcc/obj/backend/sdasz80_emitter.o /src/build-mingw/xc/xcc/obj/backend/gnuas_emitter.o /src/build-mingw/xc/xcc/obj/backend/z80/debug_info_adapter.o /src/build-mingw/xc/xcc/obj/backend/z80/z80gen.o /src/build-mingw/xc/xcc/obj/backend/z80/z80gen_convention.o /src/build-mingw/xc/xcc/obj/backend/z80/z80gen_data.o /src/build-mingw/xc/xcc/obj/backend/z80/z80gen_operand.o /src/build-mingw/xc/xcc/obj/backend/z80/z80gen_ctrl.o /src/build-mingw/xc/xcc/obj/backend/z80/z80gen_mem.o /src/build-mingw/xc/xcc/obj/backend/z80/z80gen_arith.o /src/build-mingw/xc/xcc/obj/backend/z80/z80gen_regalloc.o /src/build-mingw/xc/xcc/obj/driver/options.o /src/build-mingw/xc/xcc/obj/driver/main.o /src/build-mingw/lib/libxopt.a /src/bin-mingw/x/lib/libxbfd.a
make[3]: Leaving directory '/src/x/src/xcc'
make -C xopt \
	ROOT=/src/x \
	BUILD_DIR=/src/build-mingw \
	DIST_DIR=/src/bin-mingw/x \
	HOST_BIN_DIR=/src/bin-mingw/x/bin \
	PUBLIC_LIB_DIR=/src/bin-mingw/x/lib \
	DEFAULT_PLATFORM=none
make[3]: Entering directory '/src/x/src/xopt'
make -C /src/x/lib/xopt
make[4]: Entering directory '/src/x/lib/xopt'
make[4]: Nothing to be done for 'all'.
make[4]: Leaving directory '/src/x/lib/xopt'
x86_64-w64-mingw32-g++ -static -static-libstdc++ -static-libgcc -std=c++17 -Wall -Wextra -Wpedantic -g -DXTOOLS_VERSION=\"0.1.0\" -o /src/bin-mingw/x/bin/xopt /src/build-mingw/xc/xopt/obj/main.o /src/build-mingw/lib/libxopt.a
make[3]: Leaving directory '/src/x/src/xopt'
make -C xas \
	ROOT=/src/x \
	BUILD_DIR=/src/build-mingw \
	DIST_DIR=/src/bin-mingw/x \
	HOST_BIN_DIR=/src/bin-mingw/x/bin \
	PUBLIC_LIB_DIR=/src/bin-mingw/x/lib \
	DEFAULT_PLATFORM=none
make[3]: Entering directory '/src/x/src/xas'
x86_64-w64-mingw32-g++ -static -static-libstdc++ -static-libgcc -std=c++2a -Wall -Wextra -Wpedantic -g -DXTOOLS_VERSION=\"0.1.0\" -o /src/bin-mingw/x/bin/xas /src/build-mingw/xc/xas/obj/main.o /src/build-mingw/xc/xas/obj/cli.o /src/build-mingw/xc/xas/obj/frontend/lexer.o /src/build-mingw/xc/xas/obj/frontend/macro.o /src/build-mingw/xc/xas/obj/frontend/macro_dialect_gnu.o /src/build-mingw/xc/xas/obj/frontend/macro_dialect_sdas.o /src/build-mingw/xc/xas/obj/frontend/parser.o /src/build-mingw/xc/xas/obj/backend/codegen.o /src/build-mingw/xc/xas/obj/backend/macro_translate.o /src/build-mingw/xc/xas/obj/backend/source_emitter.o /src/build-mingw/xc/xas/obj/backend/rel_emitter.o /src/build-mingw/xc/xas/obj/backend/elf_emitter.o /src/build-mingw/lib/libxbfd.a /src/bin-mingw/x/lib/libxz80.a
make[3]: Leaving directory '/src/x/src/xas'
make -C xar \
	ROOT=/src/x \
	BUILD_DIR=/src/build-mingw \
	DIST_DIR=/src/bin-mingw/x \
	HOST_BIN_DIR=/src/bin-mingw/x/bin \
	PUBLIC_LIB_DIR=/src/bin-mingw/x/lib \
	DEFAULT_PLATFORM=none
make[3]: Entering directory '/src/x/src/xar'
x86_64-w64-mingw32-g++ -static -static-libstdc++ -static-libgcc -std=c++2a -Wall -Wextra -Wpedantic -g -DXTOOLS_VERSION=\"0.1.0\" -o /src/bin-mingw/x/bin/xar /src/build-mingw/xc/xar/obj/main.o /src/build-mingw/xc/xar/obj/cli.o /src/build-mingw/xc/xar/obj/operations.o /src/build-mingw/lib/libxbfd.a
make[3]: Leaving directory '/src/x/src/xar'
make -C xobjcopy \
	ROOT=/src/x \
	BUILD_DIR=/src/build-mingw \
	DIST_DIR=/src/bin-mingw/x \
	HOST_BIN_DIR=/src/bin-mingw/x/bin \
	PUBLIC_LIB_DIR=/src/bin-mingw/x/lib \
	DEFAULT_PLATFORM=none
make[3]: Entering directory '/src/x/src/xobjcopy'
x86_64-w64-mingw32-g++ -static -static-libstdc++ -static-libgcc -std=c++2a -Wall -Wextra -Wpedantic -g -DXOBJCOPY_VERSION=\"0.1.0\" -o /src/bin-mingw/x/bin/xobjcopy /src/build-mingw/xc/xobjcopy/obj/main.o /src/build-mingw/xc/xobjcopy/obj/cli.o /src/build-mingw/xc/xobjcopy/obj/operations.o /src/build-mingw/lib/libxbfd.a
make[3]: Leaving directory '/src/x/src/xobjcopy'
make[2]: Leaving directory '/src/x/src'
make[2]: Entering directory '/src/x/libc'
make -C src ROOT=/src/x BUILD_DIR=/src/build-mingw DIST_DIR=/src/bin-mingw/x HOST_BIN_DIR=/src/bin-mingw/x/bin WITH_SYS=0 AR8FLAGS="--mode=gnu rcs" C8FLAGS="-I/src/x/libc/include -I/src/x/platforms/include -D__XCC_LIBC_FLOAT=1 -D__XCC_LIBC_DOUBLE=1 -D__XCC_LIBC_LONG=1 -D__XCC_LIBC_LONGLONG=1 -D__XCC_LIBC_STDIO_FLOAT=1 -DZX_RAM_PLUS3=1 -DZX_RAM_IDE=0" AS8FLAGS="--mode=sdcc -D__XCC_LIBC_FLOAT=1 -D__XCC_LIBC_DOUBLE=1 -D__XCC_LIBC_LONG=1 -D__XCC_LIBC_LONGLONG=1 -D__XCC_LIBC_STDIO_FLOAT=1 -DZX_RAM_PLUS3=1 -DZX_RAM_IDE=0" LIBC_PROFILE="full" LIBC_FLOAT="1" LIBC_DOUBLE="1" LIBC_LONG="1" LIBC_LONGLONG="1" LIBC_STDIO_FLOAT="1" X_MODEL="L"
make[3]: Entering directory '/src/x/libc/src'
make[3]: Nothing to be done for 'all'.
make[3]: Leaving directory '/src/x/libc/src'
cp /src/build-mingw/lib/libc/full-L-f1-d1-l1-ll1-sf1/libc.a /src/bin-mingw/x/z80/lib/libc.a
cp -R include/. /src/bin-mingw/x/z80/include/
make[2]: Leaving directory '/src/x/libc'
make[2]: Entering directory '/src/x'
rm -rf /src/bin-mingw/x/include /src/bin-mingw/x/z80/include
mkdir -p /src/bin-mingw/x/include /src/bin-mingw/x/z80/include
cp -R /src/x/lib/xbfd/include/. /src/bin-mingw/x/include/
cp -R /src/x/lib/xopt/include/. /src/bin-mingw/x/include/
cp -R /src/x/lib/rsp/include/. /src/bin-mingw/x/include/
cp -R /src/x/lib/xz80/include/. /src/bin-mingw/x/include/
cp -R /src/x/lib/xgdb/include/. /src/bin-mingw/x/include/
cp -R /src/x/lib/xemu/include/. /src/bin-mingw/x/include/
cp -R /src/x/libc/include/. /src/bin-mingw/x/z80/include/
cp -R /src/x/platforms/include/. /src/bin-mingw/x/z80/include/
cp /src/y/include/yos.h /src/bin-mingw/x/z80/include/yos.h
make[2]: Leaving directory '/src/x'
make[2]: Entering directory '/src/x'
rm -rf /src/bin-mingw/z/z80
mkdir -p /src/bin-mingw/z/z80/bin
mkdir -p /src/bin-mingw/z/z80/spectrum/bin /src/bin-mingw/z/z80/spectrum/include /src/bin-mingw/z/z80/spectrum/lib
mkdir -p /src/bin-mingw/z/z80/spectrum/bin/apps /src/bin-mingw/z/z80/spectrum/bin/mdr
mkdir -p /src/bin-mingw/x/pkg/deb /src/bin-mingw/x/pkg/vsix
cp /src/y/tests/microdrives/hello.mdr /src/bin-mingw/z/z80/spectrum/bin/mdr/
make[2]: Leaving directory '/src/x'
make[2]: Entering directory '/src/x'
rm -f /src/bin-mingw/x/bin/appmake \
      /src/bin-mingw/x/bin/microdrive \
      /src/bin-mingw/x/bin/serial \
      /src/bin-mingw/x/lib/libmicrodrive.a \
      /src/bin-mingw/x/lib/libc.a \
      /src/bin-mingw/x/lib/libruntime.a \
      /src/bin-mingw/x/lib/libnone.a \
      /src/bin-mingw/x/lib/crt0.rel \
      /src/bin-mingw/x/lib/crt0.s \
      /src/bin-mingw/x/lib/linker.ld \
      /src/bin-mingw/x/lib/linker.lk
make[2]: Leaving directory '/src/x'
make[2]: Entering directory '/src/x'
rm -rf /src/build-mingw/toolchain-runtime /src/build-mingw/toolchain-fixed /src/build-mingw/toolchain-platform
rm -f /src/bin-mingw/x/z80/lib/crt0.rel /src/bin-mingw/x/z80/lib/crt0.s \
      /src/bin-mingw/x/z80/lib/linker.lk /src/bin-mingw/x/z80/lib/linker.ld \
      /src/bin-mingw/x/z80/lib/libruntime.a \
      /src/bin-mingw/x/z80/lib/libfixed.a \
      /src/bin-mingw/x/z80/lib/crt0-*.rel /src/bin-mingw/x/z80/lib/crt0-*.s \
      /src/bin-mingw/x/z80/lib/linker-*.lk /src/bin-mingw/x/z80/lib/linker-*.ld
mkdir -p /src/bin-mingw/x/z80/lib /src/build-mingw/toolchain-runtime /src/build-mingw/toolchain-fixed
wine: created the configuration directory '/root/.wine'
Could not find Wine Gecko. HTML rendering will be disabled.
Could not find Wine Gecko. HTML rendering will be disabled.
wine: configuration in L"/root/.wine" has been updated.
make -C /src/x/libc \
    ROOT=/src/x \
    BUILD_DIR=/src/build-mingw \
    DIST_DIR=/src/bin-mingw/x \
    HOST_BIN_DIR=/src/bin-mingw/x/bin \
    C8FLAGS="-I/src/x/libc/include -I/src/x/platforms/include -D__XCC_LIBC_FLOAT=1 -D__XCC_LIBC_DOUBLE=1 -D__XCC_LIBC_LONG=1 -D__XCC_LIBC_LONGLONG=1 -D__XCC_LIBC_STDIO_FLOAT=1 -DZX_RAM_PLUS3=1 -DZX_RAM_IDE=0" \
    AS8FLAGS="--mode=sdcc -D__XCC_LIBC_FLOAT=1 -D__XCC_LIBC_DOUBLE=1 -D__XCC_LIBC_LONG=1 -D__XCC_LIBC_LONGLONG=1 -D__XCC_LIBC_STDIO_FLOAT=1 -DZX_RAM_PLUS3=1 -DZX_RAM_IDE=0" \
    LIBC_PROFILE="full" \
    LIBC_FLOAT="1" \
    LIBC_DOUBLE="1" \
    LIBC_LONG="1" \
    LIBC_LONGLONG="1" \
    LIBC_STDIO_FLOAT="1" \
    X_MODEL="L"
make[3]: Entering directory '/src/x/libc'
make -C src ROOT=/src/x BUILD_DIR=/src/build-mingw DIST_DIR=/src/bin-mingw/x HOST_BIN_DIR=/src/bin-mingw/x/bin WITH_SYS=0 AR8FLAGS="--mode=gnu rcs" C8FLAGS="-I/src/x/libc/include -I/src/x/platforms/include -D__XCC_LIBC_FLOAT=1 -D__XCC_LIBC_DOUBLE=1 -D__XCC_LIBC_LONG=1 -D__XCC_LIBC_LONGLONG=1 -D__XCC_LIBC_STDIO_FLOAT=1 -DZX_RAM_PLUS3=1 -DZX_RAM_IDE=0" AS8FLAGS="--mode=sdcc -D__XCC_LIBC_FLOAT=1 -D__XCC_LIBC_DOUBLE=1 -D__XCC_LIBC_LONG=1 -D__XCC_LIBC_LONGLONG=1 -D__XCC_LIBC_STDIO_FLOAT=1 -DZX_RAM_PLUS3=1 -DZX_RAM_IDE=0" LIBC_PROFILE="full" LIBC_FLOAT="1" LIBC_DOUBLE="1" LIBC_LONG="1" LIBC_LONGLONG="1" LIBC_STDIO_FLOAT="1" X_MODEL="L"
make[4]: Entering directory '/src/x/libc/src'
make[4]: Nothing to be done for 'all'.
make[4]: Leaving directory '/src/x/libc/src'
cp /src/build-mingw/lib/libc/full-L-f1-d1-l1-ll1-sf1/libc.a /src/bin-mingw/x/z80/lib/libc.a
cp -R include/. /src/bin-mingw/x/z80/include/
make[3]: Leaving directory '/src/x/libc'
cp /src/bin-mingw/x/z80/lib/crt0-none.rel /src/bin-mingw/x/z80/lib/crt0.rel
cp /src/bin-mingw/x/z80/lib/crt0-none.s /src/bin-mingw/x/z80/lib/crt0.s
cp /src/bin-mingw/x/z80/lib/linker-none.lk /src/bin-mingw/x/z80/lib/linker.lk
cp /src/bin-mingw/x/z80/lib/linker-none.ld /src/bin-mingw/x/z80/lib/linker.ld
make[2]: Leaving directory '/src/x'
make[2]: Entering directory '/src/x'
mkdir -p /src/bin-mingw/x
rm -rf /src/bin-mingw/x/doc /src/bin-mingw/x/docs /src/bin-mingw/x/extensions /src/bin-mingw/x/share
mkdir -p /src/bin-mingw/x/share/doc /src/bin-mingw/x/pkg/deb /src/bin-mingw/x/pkg/vsix
cp /src/x/docs/dist/README.md /src/bin-mingw/x/README.md
cp /src/x/docs/dist/man/*.md /src/bin-mingw/x/share/doc/
make[2]: Leaving directory '/src/x'
make[1]: Leaving directory '/src/x'
==> /src/y
make[1]: Entering directory '/src/y'
make[2]: Entering directory '/src/y/pkg'
make -C serial \
	ROOT=/src \
	Y_ROOT=/src/y \
	BUILD_DIR=/src/build-mingw \
	DIST_DIR=/src/bin-mingw/y \
	HOST_BIN_DIR=/src/bin-mingw/y/bin \
	PUBLIC_LIB_DIR=/src/bin-mingw/y/lib \
	PUBLIC_INCLUDE_DIR=/src/bin-mingw/y/include
make[3]: Entering directory '/src/y/pkg/serial'
x86_64-w64-mingw32-g++ -static -static-libstdc++ -static-libgcc -std=c++20 -O2 -Wall -Wextra -o /src/bin-mingw/y/bin/serial serial.cpp
serial.cpp:9:10: fatal error: format: No such file or directory
    9 | #include <format>
      |          ^~~~~~~~
compilation terminated.
make[3]: *** [Makefile:29: /src/bin-mingw/y/bin/serial] Error 1
make[3]: Leaving directory '/src/y/pkg/serial'
make[2]: *** [Makefile:16: serial] Error 2
make[2]: Leaving directory '/src/y/pkg'
make[1]: *** [Makefile:14: all] Error 2
make[1]: Leaving directory '/src/y'
make: *** [Makefile:116: all] Error 2
