0 verbose cli /home/tstih/.nvm/versions/node/v25.2.1/bin/node /home/tstih/.nvm/versions/node/v25.2.1/bin/npm
1 info using npm@11.6.2
2 info using node@v25.2.1
3 silly config load:file:/home/tstih/.nvm/versions/node/v25.2.1/lib/node_modules/npm/npmrc
4 silly config load:file:/home/tstih/data/retro-vault/xyz/tools/xdbg-vsix/.npmrc
5 silly config load:file:/home/tstih/.npmrc
6 silly config load:file:/home/tstih/.nvm/versions/node/v25.2.1/etc/npmrc
7 verbose title npm pack
8 verbose argv "pack" "--dry-run" "--json"
9 verbose logfile logs-max:10 dir:/home/tstih/data/retro-vault/xyz/tools/xdbg-vsix/.npm-cache/_logs/2026-05-13T06_13_20_401Z-
10 verbose logfile /home/tstih/data/retro-vault/xyz/tools/xdbg-vsix/.npm-cache/_logs/2026-05-13T06_13_20_401Z-debug-0.log
11 silly logfile done cleaning log files
12 http fetch GET https://registry.npmjs.org/npm attempt 1 failed with ENOTFOUND
13 silly packumentCache heap:4496293888 maxSize:1124073472 maxEntrySize:562036736
14 verbose cwd /home/tstih/data/retro-vault/xyz/tools/xdbg-vsix
15 verbose os Linux 6.17.0-23-generic
16 verbose node v25.2.1
17 verbose npm  v11.6.2
18 verbose exit 0
19 info ok
