	.module	xcc_output
	.area	_CODE
	.globl	_use_a
_use_a:
	; sdcccall(1) prologue: use_a (locals=0, temp_frame=0, stack_params=0)
	; frameless function: no IX frame needed
	ld	hl, #8
	ex	de, hl
__use_a_end:
	; epilogue: use_a
	ret
	.globl	_use_b
_use_b:
	; sdcccall(1) prologue: use_b (locals=0, temp_frame=0, stack_params=0)
	; frameless function: no IX frame needed
	ld	hl, #8
	ex	de, hl
__use_b_end:
	; epilogue: use_b
	ret
