	.module	xcc_output
	.area	_DATA
_f__src_0:
	.ds	8
_f__dst_1:
	.ds	8
	.area	_CODE
	.globl	_f
_f:
	; sdcccall(1) prologue: f (locals=0, temp_frame=8, stack_params=0)
	push	ix
	ld	ix, #0
	add	ix, sp
	ld	hl, #-8
	add	hl, sp
	ld	sp, hl
	xor	a
	ld	-7(ix), a
	ld	hl, #_f__dst_1
	ld	-6(ix), l
	ld	-5(ix), h
	ld	hl, #_f__src_0
	ld	-4(ix), l
	ld	-3(ix), h
__xcc_L0:
	ld	a, -7(ix)
	cp	#8
	jr	nc, __xcc_L3
__xcc_L1:
	ld	l, -4(ix)
	ld	h, -3(ix)
	ld	a, (hl)
	ld	-2(ix), a
	and	#3
	ld	-1(ix), a
	cp	#0
	jr	z, __xcc_L4
	cp	#1
	jr	z, __xcc_L5
	cp	#2
	jr	z, __xcc_L6
	jr	__xcc_L7
__xcc_L4:
	ld	a, -2(ix)
	add	a, #1
	jp	__xopt_spaghetti_0
__xcc_L5:
	ld	a, -2(ix)
	xor	#7
	jp	__xopt_spaghetti_0
__xcc_L6:
	ld	a, -2(ix)
	and	#15
	jp	__xopt_spaghetti_0
__xcc_L7:
	ld	l, -6(ix)
	ld	h, -5(ix)
	ld	a, -2(ix)
	ld	(hl), a
__xcc_L8:
__xcc_L2:
	inc	-7(ix)
	inc	-6(ix)
	jr	nz, __xopt_inc16_0
	inc	-5(ix)
__xopt_inc16_0:
	inc	-4(ix)
	jr	nz, __xopt_inc16_1
	inc	-3(ix)
__xopt_inc16_1:
	jr	__xcc_L0
__xcc_L3:
__f_end:
	; epilogue: f
	ld	sp, ix
	pop	ix
	ret
	; xopt: spaghetti outlined duplicate kernel
	.area	_CODE
__xopt_spaghetti_0:
	ld	-8(ix), a
	ld	l, -6(ix)
	ld	h, -5(ix)
	ld	(hl), a
	jp	__xcc_L2
