	.module xcc_output


	.area _CODE

	.globl _main
_main:
	; sdcccall(1) prologue: main (locals=10, temp_frame=90, stack_params=0)
	push	ix
	ld	ix, #0
	add	ix, sp
	ld	hl, #-100
	add	hl, sp
	ld	sp, hl
	push	ix
	pop	hl
	ld	bc, #-6
	add	hl, bc
	ld	-12(ix), l
	ld	-11(ix), h
	.globl __mul16
	ld	hl, #0
	push	hl
	ld	hl, #2
	pop	de
	call	__mul16
	ex	de, hl
	ld	-14(ix), l
	ld	-13(ix), h
	ld	l, -12(ix)
	ld	h, -11(ix)
	ld	e, -14(ix)
	ld	d, -13(ix)
	add	hl, de
	ld	-16(ix), l
	ld	-15(ix), h
	ld	l, -16(ix)
	ld	h, -15(ix)
	ld	de, #1
	ld	(hl), e
	inc	hl
	ld	(hl), d
	push	ix
	pop	hl
	ld	bc, #-6
	add	hl, bc
	ld	-18(ix), l
	ld	-17(ix), h
	.globl __mul16
	ld	hl, #1
	push	hl
	ld	hl, #2
	pop	de
	call	__mul16
	ex	de, hl
	ld	-20(ix), l
	ld	-19(ix), h
	ld	l, -18(ix)
	ld	h, -17(ix)
	ld	e, -20(ix)
	ld	d, -19(ix)
	add	hl, de
	ld	-22(ix), l
	ld	-21(ix), h
	ld	l, -22(ix)
	ld	h, -21(ix)
	ld	de, #2
	ld	(hl), e
	inc	hl
	ld	(hl), d
	push	ix
	pop	hl
	ld	bc, #-6
	add	hl, bc
	ld	-24(ix), l
	ld	-23(ix), h
	.globl __mul16
	ld	hl, #2
	push	hl
	ld	hl, #2
	pop	de
	call	__mul16
	ex	de, hl
	ld	-26(ix), l
	ld	-25(ix), h
	ld	l, -24(ix)
	ld	h, -23(ix)
	ld	e, -26(ix)
	ld	d, -25(ix)
	add	hl, de
	ld	-28(ix), l
	ld	-27(ix), h
	ld	l, -28(ix)
	ld	h, -27(ix)
	ld	de, #3
	ld	(hl), e
	inc	hl
	ld	(hl), d
	ld	hl, #1
	ld	-8(ix), l
	ld	-7(ix), h
	push	ix
	pop	hl
	ld	bc, #-6
	add	hl, bc
	ld	-30(ix), l
	ld	-29(ix), h
	.globl __mul16
	ld	l, -8(ix)
	ld	h, -7(ix)
	push	hl
	ld	hl, #2
	pop	de
	call	__mul16
	ex	de, hl
	ld	-32(ix), l
	ld	-31(ix), h
	ld	l, -30(ix)
	ld	h, -29(ix)
	ld	e, -32(ix)
	ld	d, -31(ix)
	add	hl, de
	ld	-34(ix), l
	ld	-33(ix), h
	ld	l, -34(ix)
	ld	h, -33(ix)
	ld	e, (hl)
	inc	hl
	ld	d, (hl)
	ld	-36(ix), e
	ld	-35(ix), d
	ld	l, -36(ix)
	ld	h, -35(ix)
	ld	de, #10
	add	hl, de
	ld	-38(ix), l
	ld	-37(ix), h
	push	ix
	pop	hl
	ld	bc, #-6
	add	hl, bc
	ld	-40(ix), l
	ld	-39(ix), h
	.globl __mul16
	ld	l, -8(ix)
	ld	h, -7(ix)
	push	hl
	ld	hl, #2
	pop	de
	call	__mul16
	ex	de, hl
	ld	-42(ix), l
	ld	-41(ix), h
	ld	l, -40(ix)
	ld	h, -39(ix)
	ld	e, -42(ix)
	ld	d, -41(ix)
	add	hl, de
	ld	-44(ix), l
	ld	-43(ix), h
	ld	l, -44(ix)
	ld	h, -43(ix)
	ld	e, -38(ix)
	ld	d, -37(ix)
	ld	(hl), e
	inc	hl
	ld	(hl), d
	push	ix
	pop	hl
	ld	bc, #-6
	add	hl, bc
	ld	-46(ix), l
	ld	-45(ix), h
	.globl __mul16
	ld	hl, #0
	push	hl
	ld	hl, #2
	pop	de
	call	__mul16
	ex	de, hl
	ld	-48(ix), l
	ld	-47(ix), h
	ld	l, -46(ix)
	ld	h, -45(ix)
	ld	e, -48(ix)
	ld	d, -47(ix)
	add	hl, de
	ld	-50(ix), l
	ld	-49(ix), h
	ld	l, -50(ix)
	ld	h, -49(ix)
	ld	e, (hl)
	inc	hl
	ld	d, (hl)
	ld	-52(ix), e
	ld	-51(ix), d
	ld	l, -52(ix)
	ld	h, -51(ix)
	dec	hl
	ld	-54(ix), l
	ld	-53(ix), h
	push	ix
	pop	hl
	ld	bc, #-6
	add	hl, bc
	ld	-56(ix), l
	ld	-55(ix), h
	.globl __mul16
	ld	hl, #0
	push	hl
	ld	hl, #2
	pop	de
	call	__mul16
	ex	de, hl
	ld	-58(ix), l
	ld	-57(ix), h
	ld	l, -56(ix)
	ld	h, -55(ix)
	ld	e, -58(ix)
	ld	d, -57(ix)
	add	hl, de
	ld	-60(ix), l
	ld	-59(ix), h
	ld	l, -60(ix)
	ld	h, -59(ix)
	ld	e, -54(ix)
	ld	d, -53(ix)
	ld	(hl), e
	inc	hl
	ld	(hl), d
	push	ix
	pop	hl
	ld	bc, #-6
	add	hl, bc
	ld	-62(ix), l
	ld	-61(ix), h
	.globl __mul16
	ld	hl, #0
	push	hl
	ld	hl, #2
	pop	de
	call	__mul16
	ex	de, hl
	ld	-64(ix), l
	ld	-63(ix), h
	ld	l, -62(ix)
	ld	h, -61(ix)
	ld	e, -64(ix)
	ld	d, -63(ix)
	add	hl, de
	ld	-66(ix), l
	ld	-65(ix), h
	ld	l, -66(ix)
	ld	h, -65(ix)
	ld	e, (hl)
	inc	hl
	ld	d, (hl)
	ld	-68(ix), e
	ld	-67(ix), d
	ld	l, -68(ix)
	ld	h, -67(ix)
	push	hl
	ld	hl, #0
	pop	de
	or	a, a
	sbc	hl, de
	ld	hl, #1
	jp	z, __cmp_e_89383
	dec	hl
__cmp_e_89383:
	ld	-70(ix), l
	ld	-69(ix), h
	ld	l, -70(ix)
	ld	h, -69(ix)
	push	hl
	ld	hl, #0
	pop	de
	or	a, a
	sbc	hl, de
	ld	hl, #1
	jp	nz, __cmp_e_30886
	dec	hl
__cmp_e_30886:
	ld	-72(ix), l
	ld	-71(ix), h
	ld	l, -72(ix)
	ld	h, -71(ix)
	ld	a, h
	or	a, l
	jp	nz, __xcc_L3
	jp	__xcc_L2
__xcc_L3:
	push	ix
	pop	hl
	ld	bc, #-6
	add	hl, bc
	ld	-74(ix), l
	ld	-73(ix), h
	.globl __mul16
	ld	hl, #1
	push	hl
	ld	hl, #2
	pop	de
	call	__mul16
	ex	de, hl
	ld	-76(ix), l
	ld	-75(ix), h
	ld	l, -74(ix)
	ld	h, -73(ix)
	ld	e, -76(ix)
	ld	d, -75(ix)
	add	hl, de
	ld	-78(ix), l
	ld	-77(ix), h
	ld	l, -78(ix)
	ld	h, -77(ix)
	ld	e, (hl)
	inc	hl
	ld	d, (hl)
	ld	-80(ix), e
	ld	-79(ix), d
	ld	l, -80(ix)
	ld	h, -79(ix)
	push	hl
	ld	hl, #12
	pop	de
	or	a, a
	sbc	hl, de
	ld	hl, #1
	jp	z, __cmp_e_92777
	dec	hl
__cmp_e_92777:
	ld	-82(ix), l
	ld	-81(ix), h
	ld	l, -82(ix)
	ld	h, -81(ix)
	push	hl
	ld	hl, #0
	pop	de
	or	a, a
	sbc	hl, de
	ld	hl, #1
	jp	nz, __cmp_e_36915
	dec	hl
__cmp_e_36915:
	ld	-84(ix), l
	ld	-83(ix), h
	jp	__xcc_L4
__xcc_L2:
	ld	hl, #0
	ld	-84(ix), l
	ld	-83(ix), h
__xcc_L4:
	ld	l, -84(ix)
	ld	h, -83(ix)
	push	hl
	ld	hl, #0
	pop	de
	or	a, a
	sbc	hl, de
	ld	hl, #1
	jp	nz, __cmp_e_47793
	dec	hl
__cmp_e_47793:
	ld	-86(ix), l
	ld	-85(ix), h
	ld	l, -86(ix)
	ld	h, -85(ix)
	ld	a, h
	or	a, l
	jp	nz, __xcc_L1
	jp	__xcc_L0
__xcc_L1:
	push	ix
	pop	hl
	ld	bc, #-6
	add	hl, bc
	ld	-88(ix), l
	ld	-87(ix), h
	.globl __mul16
	ld	hl, #2
	push	hl
	ld	hl, #2
	pop	de
	call	__mul16
	ex	de, hl
	ld	-90(ix), l
	ld	-89(ix), h
	ld	l, -88(ix)
	ld	h, -87(ix)
	ld	e, -90(ix)
	ld	d, -89(ix)
	add	hl, de
	ld	-92(ix), l
	ld	-91(ix), h
	ld	l, -92(ix)
	ld	h, -91(ix)
	ld	e, (hl)
	inc	hl
	ld	d, (hl)
	ld	-94(ix), e
	ld	-93(ix), d
	ld	l, -94(ix)
	ld	h, -93(ix)
	push	hl
	ld	hl, #3
	pop	de
	or	a, a
	sbc	hl, de
	ld	hl, #1
	jp	z, __cmp_e_38335
	dec	hl
__cmp_e_38335:
	ld	-96(ix), l
	ld	-95(ix), h
	ld	l, -96(ix)
	ld	h, -95(ix)
	push	hl
	ld	hl, #0
	pop	de
	or	a, a
	sbc	hl, de
	ld	hl, #1
	jp	nz, __cmp_e_85386
	dec	hl
__cmp_e_85386:
	ld	-98(ix), l
	ld	-97(ix), h
	jp	__xcc_L5
__xcc_L0:
	ld	hl, #0
	ld	-98(ix), l
	ld	-97(ix), h
__xcc_L5:
	ld	l, -98(ix)
	ld	h, -97(ix)
	ld	-10(ix), l
	ld	-9(ix), h
	ld	l, -10(ix)
	ld	h, -9(ix)
	ld	-100(ix), l
	ld	-99(ix), h
	ld	l, -100(ix)
	ld	h, -99(ix)
	ex	de, hl
	jp	__main_end
__main_end:
	; epilogue: main
	ld	sp, ix
	pop	ix
	ret
