	.module xcc_output


	.area _CODE

	.globl _main
_main:
	; sdcccall(1) prologue: main (locals=10, temp_frame=22, stack_params=0)
	push	ix
	ld	ix, #0
	add	ix, sp
	ld	hl, #-32
	add	hl, sp
	ld	sp, hl
	ld	hl, #15
	ld	-2(ix), l
	ld	-1(ix), h
	ld	hl, #255
	ld	-4(ix), l
	ld	-3(ix), h
	ld	l, -2(ix)
	ld	h, -1(ix)
	push	hl
	ld	l, -4(ix)
	ld	h, -3(ix)
	pop	de
	ld	a, l
	and	a, e
	ld	l, a
	ld	a, h
	and	a, d
	ld	h, a
	ld	-12(ix), l
	ld	-11(ix), h
	ld	l, -12(ix)
	ld	h, -11(ix)
	ld	-6(ix), l
	ld	-5(ix), h
	ld	l, -2(ix)
	ld	h, -1(ix)
	ld	a, l
	or	#240
	ld	l, a
	ld	a, h
	or	#0
	ld	h, a
	ld	-14(ix), l
	ld	-13(ix), h
	ld	l, -14(ix)
	ld	h, -13(ix)
	ld	-8(ix), l
	ld	-7(ix), h
	ld	l, -2(ix)
	ld	h, -1(ix)
	ld	a, l
	xor	#255
	ld	l, a
	ld	a, h
	xor	#0
	ld	h, a
	ld	-16(ix), l
	ld	-15(ix), h
	ld	l, -16(ix)
	ld	h, -15(ix)
	ld	-10(ix), l
	ld	-9(ix), h
	ld	l, -6(ix)
	ld	h, -5(ix)
	push	hl
	ld	hl, #15
	pop	de
	or	a, a
	sbc	hl, de
	ld	hl, #1
	jp	z, __cmp_e_89383
	dec	hl
__cmp_e_89383:
	ld	-18(ix), l
	ld	-17(ix), h
	ld	l, -18(ix)
	ld	h, -17(ix)
	push	hl
	ld	hl, #0
	pop	de
	or	a, a
	sbc	hl, de
	ld	hl, #1
	jp	nz, __cmp_e_30886
	dec	hl
__cmp_e_30886:
	ld	-20(ix), l
	ld	-19(ix), h
	ld	l, -20(ix)
	ld	h, -19(ix)
	ld	a, h
	or	a, l
	jp	nz, __xcc_L3
	jp	__xcc_L2
__xcc_L3:
	ld	l, -8(ix)
	ld	h, -7(ix)
	push	hl
	ld	hl, #255
	pop	de
	or	a, a
	sbc	hl, de
	ld	hl, #1
	jp	z, __cmp_e_92777
	dec	hl
__cmp_e_92777:
	ld	-22(ix), l
	ld	-21(ix), h
	ld	l, -22(ix)
	ld	h, -21(ix)
	push	hl
	ld	hl, #0
	pop	de
	or	a, a
	sbc	hl, de
	ld	hl, #1
	jp	nz, __cmp_e_36915
	dec	hl
__cmp_e_36915:
	ld	-24(ix), l
	ld	-23(ix), h
	jp	__xcc_L4
__xcc_L2:
	ld	hl, #0
	ld	-24(ix), l
	ld	-23(ix), h
__xcc_L4:
	ld	l, -24(ix)
	ld	h, -23(ix)
	push	hl
	ld	hl, #0
	pop	de
	or	a, a
	sbc	hl, de
	ld	hl, #1
	jp	nz, __cmp_e_47793
	dec	hl
__cmp_e_47793:
	ld	-26(ix), l
	ld	-25(ix), h
	ld	l, -26(ix)
	ld	h, -25(ix)
	ld	a, h
	or	a, l
	jp	nz, __xcc_L1
	jp	__xcc_L0
__xcc_L1:
	ld	l, -10(ix)
	ld	h, -9(ix)
	push	hl
	ld	hl, #240
	pop	de
	or	a, a
	sbc	hl, de
	ld	hl, #1
	jp	z, __cmp_e_38335
	dec	hl
__cmp_e_38335:
	ld	-28(ix), l
	ld	-27(ix), h
	ld	l, -28(ix)
	ld	h, -27(ix)
	push	hl
	ld	hl, #0
	pop	de
	or	a, a
	sbc	hl, de
	ld	hl, #1
	jp	nz, __cmp_e_85386
	dec	hl
__cmp_e_85386:
	ld	-30(ix), l
	ld	-29(ix), h
	jp	__xcc_L5
__xcc_L0:
	ld	hl, #0
	ld	-30(ix), l
	ld	-29(ix), h
__xcc_L5:
	ld	l, -30(ix)
	ld	h, -29(ix)
	ld	-32(ix), l
	ld	-31(ix), h
	ld	l, -32(ix)
	ld	h, -31(ix)
	ex	de, hl
	jp	__main_end
__main_end:
	; epilogue: main
	ld	sp, ix
	pop	ix
	ret
