	.module xcc_output


	.area _CODE

	.globl _scalar_zero
_scalar_zero:
	; sdcccall(1) prologue: scalar_zero (locals=2, temp_frame=2, stack_params=0)
	push	ix
	ld	ix, #0
	add	ix, sp
	ld	hl, #-4
	add	hl, sp
	ld	sp, hl
	ld	hl, #0
	ld	-2(ix), l
	ld	-1(ix), h
	ld	l, -2(ix)
	ld	h, -1(ix)
	ld	-4(ix), l
	ld	-3(ix), h
	ld	l, -4(ix)
	ld	h, -3(ix)
	ex	de, hl
	jp	__scalar_zero_end
__scalar_zero_end:
	; epilogue: scalar_zero
	ld	sp, ix
	pop	ix
	ret
	.globl _arr_zero
_arr_zero:
	; sdcccall(1) prologue: arr_zero (locals=6, temp_frame=30, stack_params=0)
	push	ix
	ld	ix, #0
	add	ix, sp
	ld	hl, #-36
	add	hl, sp
	ld	sp, hl
	push	ix
	pop	hl
	ld	bc, #-6
	add	hl, bc
	ld	-8(ix), l
	ld	-7(ix), h
	.globl __mul16
	ld	hl, #0
	push	hl
	ld	hl, #2
	pop	de
	call	__mul16
	ex	de, hl
	ld	-10(ix), l
	ld	-9(ix), h
	ld	l, -8(ix)
	ld	h, -7(ix)
	ld	e, -10(ix)
	ld	d, -9(ix)
	add	hl, de
	ld	-12(ix), l
	ld	-11(ix), h
	ld	l, -12(ix)
	ld	h, -11(ix)
	ld	e, (hl)
	inc	hl
	ld	d, (hl)
	ld	-14(ix), e
	ld	-13(ix), d
	push	ix
	pop	hl
	ld	bc, #-6
	add	hl, bc
	ld	-16(ix), l
	ld	-15(ix), h
	.globl __mul16
	ld	hl, #1
	push	hl
	ld	hl, #2
	pop	de
	call	__mul16
	ex	de, hl
	ld	-18(ix), l
	ld	-17(ix), h
	ld	l, -16(ix)
	ld	h, -15(ix)
	ld	e, -18(ix)
	ld	d, -17(ix)
	add	hl, de
	ld	-20(ix), l
	ld	-19(ix), h
	ld	l, -20(ix)
	ld	h, -19(ix)
	ld	e, (hl)
	inc	hl
	ld	d, (hl)
	ld	-22(ix), e
	ld	-21(ix), d
	ld	l, -14(ix)
	ld	h, -13(ix)
	ld	e, -22(ix)
	ld	d, -21(ix)
	add	hl, de
	ld	-24(ix), l
	ld	-23(ix), h
	push	ix
	pop	hl
	ld	bc, #-6
	add	hl, bc
	ld	-26(ix), l
	ld	-25(ix), h
	.globl __mul16
	ld	hl, #2
	push	hl
	ld	hl, #2
	pop	de
	call	__mul16
	ex	de, hl
	ld	-28(ix), l
	ld	-27(ix), h
	ld	l, -26(ix)
	ld	h, -25(ix)
	ld	e, -28(ix)
	ld	d, -27(ix)
	add	hl, de
	ld	-30(ix), l
	ld	-29(ix), h
	ld	l, -30(ix)
	ld	h, -29(ix)
	ld	e, (hl)
	inc	hl
	ld	d, (hl)
	ld	-32(ix), e
	ld	-31(ix), d
	ld	l, -24(ix)
	ld	h, -23(ix)
	ld	e, -32(ix)
	ld	d, -31(ix)
	add	hl, de
	ld	-34(ix), l
	ld	-33(ix), h
	ld	l, -34(ix)
	ld	h, -33(ix)
	ld	-36(ix), l
	ld	-35(ix), h
	ld	l, -36(ix)
	ld	h, -35(ix)
	ex	de, hl
	jp	__arr_zero_end
__arr_zero_end:
	; epilogue: arr_zero
	ld	sp, ix
	pop	ix
	ret
