	.module xcc_output


	.area _CODE

	.globl _halt_forever
_halt_forever:
	; sdcccall(1) prologue: halt_forever (locals=0, temp_frame=0, stack_params=0)
	push	ix
	ld	ix, #0
	add	ix, sp
__xcc_L0:
	jp	__xcc_L1
__xcc_L1:
	jp	__xcc_L0
__xcc_L2:
__halt_forever_end:
	; epilogue omitted: halt_forever is [[noreturn]]
	.globl _raw_halt
_raw_halt:
	; naked: raw_halt
halt
jp 0
__raw_halt_end:
	; naked epilogue: raw_halt
