	.module xcc_output


	.area _CODE

	.globl _fixed_math_more
_fixed_math_more:
	; sdcccall(1) prologue: fixed_math_more (locals=8, temp_frame=26, stack_params=12)
	push	ix
	ld	ix, #0
	add	ix, sp
	ld	-8(ix), e
	ld	-7(ix), d
	ld	-6(ix), l
	ld	-5(ix), h
	ld	hl, #-34
	add	hl, sp
	ld	sp, hl
	; receive (sdcccall1) param x at -8(ix)
	; receive (sdcccall1) param y at 4(ix)
	; receive (sdcccall1) param z at 8(ix)
	; receive (sdcccall1) param exp at 12(ix)
	; receive (sdcccall1) param quo at 14(ix)
	ld	l, 12(ix)
	ld	h, 13(ix)
	push	hl
	ld	l, -8(ix)
	ld	h, -7(ix)
	push	hl
	ld	l, -6(ix)
	ld	h, -5(ix)
	pop	de
	.globl _fixed24_8_frexp
	call	_fixed24_8_frexp
	inc	sp
	inc	sp
	ld	b, h
	ld	c, l
	push	de
	pop	hl
	ld	-12(ix), l
	ld	-11(ix), h
	ld	h, b
	ld	l, c
	ld	-10(ix), l
	ld	-9(ix), h
	ld	l, -12(ix)
	ld	h, -11(ix)
	ld	-4(ix), l
	ld	-3(ix), h
	ld	l, -10(ix)
	ld	h, -9(ix)
	ld	-2(ix), l
	ld	-1(ix), h
	ld	l, 12(ix)
	ld	h, 13(ix)
	ld	e, (hl)
	inc	hl
	ld	d, (hl)
	ld	-14(ix), e
	ld	-13(ix), d
	ld	l, -14(ix)
	ld	h, -13(ix)
	push	hl
	ld	l, -4(ix)
	ld	h, -3(ix)
	push	hl
	ld	l, -2(ix)
	ld	h, -1(ix)
	pop	de
	.globl _fixed24_8_ldexp
	call	_fixed24_8_ldexp
	inc	sp
	inc	sp
	ld	b, h
	ld	c, l
	push	de
	pop	hl
	ld	-18(ix), l
	ld	-17(ix), h
	ld	h, b
	ld	l, c
	ld	-16(ix), l
	ld	-15(ix), h
	ld	l, -18(ix)
	ld	h, -17(ix)
	ld	-4(ix), l
	ld	-3(ix), h
	ld	l, -16(ix)
	ld	h, -15(ix)
	ld	-2(ix), l
	ld	-1(ix), h
	ld	l, 10(ix)
	ld	h, 11(ix)
	push	hl
	ld	l, 8(ix)
	ld	h, 9(ix)
	push	hl
	ld	l, 6(ix)
	ld	h, 7(ix)
	push	hl
	ld	l, 4(ix)
	ld	h, 5(ix)
	push	hl
	ld	l, -4(ix)
	ld	h, -3(ix)
	push	hl
	ld	l, -2(ix)
	ld	h, -1(ix)
	pop	de
	.globl _fixed24_8_fma
	call	_fixed24_8_fma
	inc	sp
	inc	sp
	inc	sp
	inc	sp
	inc	sp
	inc	sp
	inc	sp
	inc	sp
	ld	b, h
	ld	c, l
	push	de
	pop	hl
	ld	-22(ix), l
	ld	-21(ix), h
	ld	h, b
	ld	l, c
	ld	-20(ix), l
	ld	-19(ix), h
	ld	l, -22(ix)
	ld	h, -21(ix)
	ld	-4(ix), l
	ld	-3(ix), h
	ld	l, -20(ix)
	ld	h, -19(ix)
	ld	-2(ix), l
	ld	-1(ix), h
	ld	l, 14(ix)
	ld	h, 15(ix)
	push	hl
	ld	l, 6(ix)
	ld	h, 7(ix)
	push	hl
	ld	l, 4(ix)
	ld	h, 5(ix)
	push	hl
	ld	l, -4(ix)
	ld	h, -3(ix)
	push	hl
	ld	l, -2(ix)
	ld	h, -1(ix)
	pop	de
	.globl _fixed24_8_remquo
	call	_fixed24_8_remquo
	inc	sp
	inc	sp
	inc	sp
	inc	sp
	inc	sp
	inc	sp
	ld	b, h
	ld	c, l
	push	de
	pop	hl
	ld	-26(ix), l
	ld	-25(ix), h
	ld	h, b
	ld	l, c
	ld	-24(ix), l
	ld	-23(ix), h
	ld	l, -26(ix)
	ld	h, -25(ix)
	ld	-4(ix), l
	ld	-3(ix), h
	ld	l, -24(ix)
	ld	h, -23(ix)
	ld	-2(ix), l
	ld	-1(ix), h
	ld	l, -6(ix)
	ld	h, -5(ix)
	push	hl
	ld	l, -8(ix)
	ld	h, -7(ix)
	push	hl
	ld	l, -4(ix)
	ld	h, -3(ix)
	push	hl
	ld	l, -2(ix)
	ld	h, -1(ix)
	pop	de
	.globl _fixed24_8_hypot
	call	_fixed24_8_hypot
	inc	sp
	inc	sp
	inc	sp
	inc	sp
	ld	b, h
	ld	c, l
	push	de
	pop	hl
	ld	-30(ix), l
	ld	-29(ix), h
	ld	h, b
	ld	l, c
	ld	-28(ix), l
	ld	-27(ix), h
	ld	l, -30(ix)
	ld	h, -29(ix)
	ld	-34(ix), l
	ld	-33(ix), h
	ld	l, -28(ix)
	ld	h, -27(ix)
	ld	-32(ix), l
	ld	-31(ix), h
	ld	l, -34(ix)
	ld	h, -33(ix)
	push	hl
	ld	l, -32(ix)
	ld	h, -31(ix)
	pop	de
	jp	__fixed_math_more_end
__fixed_math_more_end:
	; epilogue: fixed_math_more
	ld	sp, ix
	pop	ix
	ret
	.globl _fixed_math_exp
_fixed_math_exp:
	; sdcccall(1) prologue: fixed_math_exp (locals=4, temp_frame=4, stack_params=0)
	push	ix
	ld	ix, #0
	add	ix, sp
	ld	-4(ix), e
	ld	-3(ix), d
	ld	-2(ix), l
	ld	-1(ix), h
	ld	hl, #-8
	add	hl, sp
	ld	sp, hl
	; receive (sdcccall1) param x at -4(ix)
	ld	l, -4(ix)
	ld	h, -3(ix)
	push	hl
	ld	l, -2(ix)
	ld	h, -1(ix)
	pop	de
	.globl _fixed24_8_ilogb
	call	_fixed24_8_ilogb
	push	de
	pop	hl
	ld	-6(ix), l
	ld	-5(ix), h
	ld	l, -6(ix)
	ld	h, -5(ix)
	ld	-8(ix), l
	ld	-7(ix), h
	ld	l, -8(ix)
	ld	h, -7(ix)
	ex	de, hl
	jp	__fixed_math_exp_end
__fixed_math_exp_end:
	; epilogue: fixed_math_exp
	ld	sp, ix
	pop	ix
	ret
