	.module	xcc_output
	.area	_CODE
	.globl	_through_local_ptr
_through_local_ptr:
	; sdcccall(1) prologue: through_local_ptr (locals=4, temp_frame=2, stack_params=0)
	push	ix
	ld	ix, #0
	add	ix, sp
	ld	-6(ix), l
	ld	-5(ix), h
	ld	hl, #-6
	add	hl, sp
	ld	sp, hl
	; receive (sdcccall1) register param handled by prologue
	ld	hl, #0
	ld	-2(ix), l
	ld	-1(ix), h
	push	ix
	pop	hl
	dec	hl
	dec	hl
	ld	-4(ix), l
	ld	-3(ix), h
	ld	e, -6(ix)
	ld	d, -5(ix)
	ld	(hl), e
	inc	hl
	ld	(hl), d
	ld	l, -2(ix)
	ld	h, -1(ix)
	inc	hl
	ld	b, h
	ld	c, l
	ex	de, hl
__through_local_ptr_end:
	; epilogue: through_local_ptr
	ld	sp, ix
	pop	ix
	ret
