	.module	xcc_output
	.area	_CODE
	.globl	_shift_twice
_shift_twice:
	; sdcccall(1) prologue: shift_twice (locals=0, temp_frame=6, stack_params=2)
	push	ix
	ld	ix, #0
	add	ix, sp
	ld	-2(ix), l
	ld	-1(ix), h
	push	de
	pop	hl
	ld	-4(ix), l
	ld	-3(ix), h
	ld	hl, #-6
	add	hl, sp
	ld	sp, hl
	; receive (sdcccall1) register param handled by prologue
	; receive (sdcccall1) register param handled by prologue
	; receive (sdcccall1) param b at 4(ix)
	ld	l, -2(ix)
	ld	h, -1(ix)
	push	hl
	ld	l, -4(ix)
	ld	h, -3(ix)
	ld	b, l
	pop	hl
	.globl	__shl16
	call	__shl16
	ld	-6(ix), l
	ld	-5(ix), h
	ld	l, -2(ix)
	ld	h, -1(ix)
	push	hl
	ld	l, 4(ix)
	ld	h, 5(ix)
	ld	b, l
	pop	hl
	.globl	__shl16
	call	__shl16
	ld	b, h
	ld	c, l
	ld	l, -6(ix)
	ld	h, -5(ix)
	ld	a, l
	xor	a, c
	ld	l, a
	ld	a, h
	xor	a, b
	ld	h, a
	ld	-2(ix), l
	ld	-1(ix), h
	ex	de, hl
__shift_twice_end:
	; epilogue: shift_twice
	ld	sp, ix
	pop	ix
	pop	bc
	inc	sp
	inc	sp
	push	bc
	ret
