	.module	xcc_output
	.area	_CODE
	.globl	_eqv
_eqv:
	; sdcccall(1) prologue: eqv (locals=0, temp_frame=4, stack_params=0)
	push	ix
	ld	ix, #0
	add	ix, sp
	ld	-2(ix), l
	ld	-1(ix), h
	ld	b, d
	ld	c, e
	ld	hl, #-4
	add	hl, sp
	ld	sp, hl
	; receive (sdcccall1) register param handled by prologue
	; receive (sdcccall1) register param handled by prologue
	ld	l, -2(ix)
	ld	h, -1(ix)
	push	hl
	ld	h, b
	ld	l, c
	pop	de
	or	a, a
	sbc	hl, de
	ld	hl, #1
	jr	z, __cmp_e_89383
	dec	hl
__cmp_e_89383:
	ld	-4(ix), l
	ld	-3(ix), h
	ex	de, hl
__eqv_end:
	; epilogue: eqv
	ld	sp, ix
	pop	ix
	ret
	.globl	_nev
_nev:
	; sdcccall(1) prologue: nev (locals=0, temp_frame=4, stack_params=0)
	push	ix
	ld	ix, #0
	add	ix, sp
	ld	-2(ix), l
	ld	-1(ix), h
	ld	b, d
	ld	c, e
	ld	hl, #-4
	add	hl, sp
	ld	sp, hl
	; receive (sdcccall1) register param handled by prologue
	; receive (sdcccall1) register param handled by prologue
	ld	l, -2(ix)
	ld	h, -1(ix)
	push	hl
	ld	h, b
	ld	l, c
	pop	de
	or	a, a
	sbc	hl, de
	ld	hl, #1
	jr	nz, __cmp_e_30886
	dec	hl
__cmp_e_30886:
	ld	-4(ix), l
	ld	-3(ix), h
	ex	de, hl
__nev_end:
	; epilogue: nev
	ld	sp, ix
	pop	ix
	ret
	.globl	_ltv
_ltv:
	; sdcccall(1) prologue: ltv (locals=0, temp_frame=4, stack_params=0)
	push	ix
	ld	ix, #0
	add	ix, sp
	ld	-2(ix), l
	ld	-1(ix), h
	ld	b, d
	ld	c, e
	ld	hl, #-4
	add	hl, sp
	ld	sp, hl
	; receive (sdcccall1) register param handled by prologue
	; receive (sdcccall1) register param handled by prologue
	ld	l, -2(ix)
	ld	h, -1(ix)
	push	hl
	ld	h, b
	ld	l, c
	pop	de
	ex	de, hl
	or	a, a
	sbc	hl, de
	ld	hl, #1
	jp	m, __cmp_e_92777
	dec	hl
__cmp_e_92777:
	ld	-4(ix), l
	ld	-3(ix), h
	ex	de, hl
__ltv_end:
	; epilogue: ltv
	ld	sp, ix
	pop	ix
	ret
	.globl	_lev
_lev:
	; sdcccall(1) prologue: lev (locals=0, temp_frame=4, stack_params=0)
	push	ix
	ld	ix, #0
	add	ix, sp
	ld	-2(ix), l
	ld	-1(ix), h
	ld	b, d
	ld	c, e
	ld	hl, #-4
	add	hl, sp
	ld	sp, hl
	; receive (sdcccall1) register param handled by prologue
	; receive (sdcccall1) register param handled by prologue
	ld	l, -2(ix)
	ld	h, -1(ix)
	push	hl
	ld	h, b
	ld	l, c
	pop	de
	ex	de, hl
	or	a, a
	sbc	hl, de
	ld	hl, #1
	jr	z, __cmp_e_36915
	jp	m, __cmp_e_36915
	dec	hl
__cmp_e_36915:
	ld	-4(ix), l
	ld	-3(ix), h
	ex	de, hl
__lev_end:
	; epilogue: lev
	ld	sp, ix
	pop	ix
	ret
	.globl	_gtv
_gtv:
	; sdcccall(1) prologue: gtv (locals=0, temp_frame=4, stack_params=0)
	push	ix
	ld	ix, #0
	add	ix, sp
	ld	-2(ix), l
	ld	-1(ix), h
	ld	b, d
	ld	c, e
	ld	hl, #-4
	add	hl, sp
	ld	sp, hl
	; receive (sdcccall1) register param handled by prologue
	; receive (sdcccall1) register param handled by prologue
	ld	l, -2(ix)
	ld	h, -1(ix)
	push	hl
	ld	h, b
	ld	l, c
	pop	de
	ex	de, hl
	or	a, a
	sbc	hl, de
	ld	hl, #0
	jr	z, __cmp_e_47793
	jp	m, __cmp_e_47793
	inc	l
__cmp_e_47793:
	ld	-4(ix), l
	ld	-3(ix), h
	ex	de, hl
__gtv_end:
	; epilogue: gtv
	ld	sp, ix
	pop	ix
	ret
	.globl	_gev
_gev:
	; sdcccall(1) prologue: gev (locals=0, temp_frame=4, stack_params=0)
	push	ix
	ld	ix, #0
	add	ix, sp
	ld	-2(ix), l
	ld	-1(ix), h
	ld	b, d
	ld	c, e
	ld	hl, #-4
	add	hl, sp
	ld	sp, hl
	; receive (sdcccall1) register param handled by prologue
	; receive (sdcccall1) register param handled by prologue
	ld	l, -2(ix)
	ld	h, -1(ix)
	push	hl
	ld	h, b
	ld	l, c
	pop	de
	ex	de, hl
	or	a, a
	sbc	hl, de
	ld	hl, #1
	jp	p, __cmp_e_38335
	dec	hl
__cmp_e_38335:
	ld	-4(ix), l
	ld	-3(ix), h
	ex	de, hl
__gev_end:
	; epilogue: gev
	ld	sp, ix
	pop	ix
	ret
