	.module	xcc_output
	.area	_CODE
	.globl	_classify
_classify:
	; sdcccall(1) prologue: classify (locals=0, temp_frame=2, stack_params=0)
	push	ix
	ld	ix, #0
	add	ix, sp
	ld	-2(ix), a
	ld	a, l
	ld	-1(ix), a
	ld	hl, #-2
	add	hl, sp
	ld	sp, hl
	; receive (sdcccall1) register param handled by prologue
	; receive (sdcccall1) register param handled by prologue
	ld	a, -2(ix)
	cp	#32
	jr	z, __xcc_L0
__xcc_L4:
	ld	a, -2(ix)
	cp	#44
	jr	z, __xcc_L0
	jr	__xcc_L2
__xcc_L0:
	ld	a, #1
	jr	__classify_end
__xcc_L2:
	ld	a, -1(ix)
	cp	#2
	jr	z, __xcc_L6
__xcc_L12:
	ld	a, -1(ix)
	cp	#4
	jr	z, __xcc_L6
__xcc_L10:
	ld	a, -1(ix)
	cp	#6
	jr	z, __xcc_L6
	jr	__xcc_L8
__xcc_L6:
	ld	a, #2
	jr	__classify_end
__xcc_L8:
	ld	a, -2(ix)
	cp	#97
	jr	c, __xcc_L19
__xcc_L21:
	ld	a, -2(ix)
	cp	#122
	jr	z, __xcc_L15
	jr	c, __xcc_L15
__xcc_L19:
	ld	a, -2(ix)
	cp	#95
	jr	z, __xcc_L15
	jr	__xcc_L17
__xcc_L15:
	ld	a, #3
	jr	__classify_end
__xcc_L17:
	xor	a
__classify_end:
	; epilogue: classify
	ld	sp, ix
	pop	ix
	ret
