        .module xcc_output
        .area   _CODE
        .globl  _f8
_f8:
        ld      de, #32
__f8_end:
        ret
        .globl  _f16
_f16:
        ld      de, #32768
        ld      hl, #1
__f16_end:
        ret
        .globl  _f24
_f24:
        ld      de, #384
        ld      hl, #0
__f24_end:
        ret
        .globl  _f8_negative_half_raw
_f8_negative_half_raw:
        ld      de, #0
__f8_negative_half_raw_end:
        ret
        .globl  _f16_negative_half_raw
_f16_negative_half_raw:
        ld      de, #65535
        ld      hl, #65535
__f16_negative_half_raw_end:
        ret
        .globl  _f24_negative_half_raw
_f24_negative_half_raw:
        ld      de, #65535
        ld      hl, #65535
__f24_negative_half_raw_end:
        ret
        .globl  _f16_div4_specialized
_f16_div4_specialized:
        ld      de, #16384
        ld      hl, #1
__f16_div4_specialized_end:
        ret
        .globl  _f16_mul1_2_specialized_negative_raw
_f16_mul1_2_specialized_negative_raw:
        ld      de, #65535
        ld      hl, #65535
__f16_mul1_2_specialized_negative_raw_end:
        ret
        .globl  _f24_mul5_4_specialized
_f24_mul5_4_specialized:
        ld      de, #1280
        ld      hl, #0
__f24_mul5_4_specialized_end:
        ret
