	.module	xcc_output
	.area	_CODE
	.globl	_f8_add
_f8_add:
	; sdcccall(1) prologue: f8_add (locals=0, temp_frame=4, stack_params=0)
	push	ix
	ld	ix, #0
	add	ix, sp
	ld	-2(ix), l
	ld	-1(ix), h
	ld	b, d
	ld	c, e
	ld	hl, #-4
	add	hl, sp
	ld	sp, hl
	; receive (sdcccall1) register param handled by prologue
	; receive (sdcccall1) register param handled by prologue
	ld	l, -2(ix)
	ld	h, -1(ix)
	add	hl, bc
	ld	-4(ix), l
	ld	-3(ix), h
	ex	de, hl
__f8_add_end:
	; epilogue: f8_add
	ld	sp, ix
	pop	ix
	ret
	.globl	_f8_sub
_f8_sub:
	; sdcccall(1) prologue: f8_sub (locals=0, temp_frame=4, stack_params=0)
	push	ix
	ld	ix, #0
	add	ix, sp
	ld	-2(ix), l
	ld	-1(ix), h
	ld	b, d
	ld	c, e
	ld	hl, #-4
	add	hl, sp
	ld	sp, hl
	; receive (sdcccall1) register param handled by prologue
	; receive (sdcccall1) register param handled by prologue
	ld	l, -2(ix)
	ld	h, -1(ix)
	ld	d, b
	ld	e, c
	or	a, a
	sbc	hl, de
	ld	-4(ix), l
	ld	-3(ix), h
	ex	de, hl
__f8_sub_end:
	; epilogue: f8_sub
	ld	sp, ix
	pop	ix
	ret
	.globl	_f16_add
_f16_add:
	; sdcccall(1) prologue: f16_add (locals=0, temp_frame=8, stack_params=4)
	push	ix
	ld	ix, #0
	add	ix, sp
	push	hl
	ex	de, hl
	ld	-4(ix), l
	ld	-3(ix), h
	pop	hl
	call	__xopt_spaghetti_3
	add	hl, sp
	ld	sp, hl
	; receive (sdcccall1) register param handled by prologue
	; receive (sdcccall1) param b at 4(ix)
	call	__xopt_spaghetti_2
	add	hl, de
	call	__xopt_spaghetti_1
	adc	hl, de
	call	__xopt_spaghetti_0
__f16_add_end:
	; epilogue: f16_add
	ld	sp, ix
	pop	ix
	ret
	.globl	_f16_sub
_f16_sub:
	; sdcccall(1) prologue: f16_sub (locals=0, temp_frame=8, stack_params=4)
	push	ix
	ld	ix, #0
	add	ix, sp
	push	hl
	ex	de, hl
	ld	-4(ix), l
	ld	-3(ix), h
	pop	hl
	call	__xopt_spaghetti_3
	add	hl, sp
	ld	sp, hl
	; receive (sdcccall1) register param handled by prologue
	; receive (sdcccall1) param b at 4(ix)
	call	__xopt_spaghetti_2
	or	a, a
	sbc	hl, de
	call	__xopt_spaghetti_1
	sbc	hl, de
	call	__xopt_spaghetti_0
__f16_sub_end:
	; epilogue: f16_sub
	ld	sp, ix
	pop	ix
	ret
	.globl	_f24_add
_f24_add:
	; sdcccall(1) prologue: f24_add (locals=0, temp_frame=8, stack_params=4)
	push	ix
	ld	ix, #0
	add	ix, sp
	push	hl
	ex	de, hl
	ld	-4(ix), l
	ld	-3(ix), h
	pop	hl
	call	__xopt_spaghetti_3
	add	hl, sp
	ld	sp, hl
	; receive (sdcccall1) register param handled by prologue
	; receive (sdcccall1) param b at 4(ix)
	call	__xopt_spaghetti_2
	add	hl, de
	call	__xopt_spaghetti_1
	adc	hl, de
	call	__xopt_spaghetti_0
__f24_add_end:
	; epilogue: f24_add
	ld	sp, ix
	pop	ix
	ret
	.globl	_f24_sub
_f24_sub:
	; sdcccall(1) prologue: f24_sub (locals=0, temp_frame=8, stack_params=4)
	push	ix
	ld	ix, #0
	add	ix, sp
	push	hl
	ex	de, hl
	ld	-4(ix), l
	ld	-3(ix), h
	pop	hl
	call	__xopt_spaghetti_3
	add	hl, sp
	ld	sp, hl
	; receive (sdcccall1) register param handled by prologue
	; receive (sdcccall1) param b at 4(ix)
	call	__xopt_spaghetti_2
	or	a, a
	sbc	hl, de
	call	__xopt_spaghetti_1
	sbc	hl, de
	call	__xopt_spaghetti_0
__f24_sub_end:
	; epilogue: f24_sub
	ld	sp, ix
	pop	ix
	ret
	; xopt: spaghetti outlined duplicate kernel
	.area	_CODE
__xopt_spaghetti_0:
	ld	-6(ix), l
	ld	-5(ix), h
	ld	l, -8(ix)
	ld	h, -7(ix)
	ex	de, hl
	ld	l, -6(ix)
	ld	h, -5(ix)
	ret
	; xopt: spaghetti outlined duplicate kernel
	.area	_CODE
__xopt_spaghetti_1:
	ld	-8(ix), l
	ld	-7(ix), h
	ld	l, -2(ix)
	ld	h, -1(ix)
	ld	e, 6(ix)
	ld	d, 7(ix)
	ret
	; xopt: spaghetti outlined duplicate kernel
	.area	_CODE
__xopt_spaghetti_2:
	ld	l, -4(ix)
	ld	h, -3(ix)
	ld	e, 4(ix)
	ld	d, 5(ix)
	ret
	; xopt: spaghetti outlined duplicate kernel
	.area	_CODE
__xopt_spaghetti_3:
	ld	-2(ix), l
	ld	-1(ix), h
	ld	hl, #-8
	ret
